 Reaching_sfun

 Timestamp is 67598565 (Wed Dec 11 13:28:21 2024)

 Preferred load address is 0000000180000000

 Start         Length     Name                   Class
 0001:00000000 000188c0H .text$mn                CODE
 0001:000188c0 00000036H .text$mn$00             CODE
 0001:000188f6 00000092H .text$x                 CODE
 0002:00000000 00000520H .idata$5                DATA
 0002:00000520 00000038H .00cfg                  DATA
 0002:00000558 00000008H .CRT$XCA                DATA
 0002:00000560 00000008H .CRT$XCZ                DATA
 0002:00000568 00000008H .CRT$XIA                DATA
 0002:00000570 00000008H .CRT$XIZ                DATA
 0002:00000578 00000008H .CRT$XPA                DATA
 0002:00000580 00000008H .CRT$XPZ                DATA
 0002:00000588 00000008H .CRT$XTA                DATA
 0002:00000590 00000010H .CRT$XTZ                DATA
 0002:00000598 00000000H .gehcont$y              DATA
 0002:00000598 00000000H .gfids$y                DATA
 0002:000005a0 00000460H .rdata                  DATA
 0002:00000a00 00000080H .rdata$CastGuardVftablesA DATA
 0002:00000a80 00000080H .rdata$CastGuardVftablesC DATA
 0002:00000b00 000001b4H .rdata$voltmd           DATA
 0002:00000cb4 0000027cH .rdata$zzzdbg           DATA
 0002:00000f30 00000008H .rtc$IAA                DATA
 0002:00000f38 00000008H .rtc$IZZ                DATA
 0002:00000f40 00000008H .rtc$TAA                DATA
 0002:00000f48 00000008H .rtc$TZZ                DATA
 0002:00000f50 00000b40H .xdata                  DATA
 0002:00001a90 00000078H .edata                  DATA
 0002:00001b08 00000104H .idata$2                DATA
 0002:00001c0c 00000014H .idata$3                DATA
 0002:00001c20 00000520H .idata$4                DATA
 0002:00002140 00000e18H .idata$6                DATA
 0003:00000000 000049d0H .data                   DATA
 0003:000049d0 000011f0H .bss                    DATA
 0004:00000000 00000d98H .pdata                  DATA

  Address         Publics by Value              Rva+Base               Lib:Object

 0000:00000000       __AbsoluteZero             0000000000000000     <absolute>
 0000:00000000       ___safe_se_handler_count   0000000000000000     <absolute>
 0000:00000000       ___safe_se_handler_table   0000000000000000     <absolute>
 0000:00000000       __arm64x_extra_rfe_table   0000000000000000     <absolute>
 0000:00000000       __arm64x_extra_rfe_table_size 0000000000000000     <absolute>
 0000:00000000       __arm64x_native_entrypoint 0000000000000000     <absolute>
 0000:00000000       __arm64x_redirection_metadata 0000000000000000     <absolute>
 0000:00000000       __arm64x_redirection_metadata_count 0000000000000000     <absolute>
 0000:00000000       __dynamic_value_reloc_table 0000000000000000     <absolute>
 0000:00000000       __enclave_config           0000000000000000     <absolute>
 0000:00000000       __guard_check_icall_a64n_fptr 0000000000000000     <absolute>
 0000:00000000       __guard_eh_cont_count      0000000000000000     <absolute>
 0000:00000000       __guard_eh_cont_table      0000000000000000     <absolute>
 0000:00000000       __guard_fids_count         0000000000000000     <absolute>
 0000:00000000       __guard_fids_table         0000000000000000     <absolute>
 0000:00000000       __guard_iat_count          0000000000000000     <absolute>
 0000:00000000       __guard_iat_table          0000000000000000     <absolute>
 0000:00000000       __guard_longjmp_count      0000000000000000     <absolute>
 0000:00000000       __guard_longjmp_table      0000000000000000     <absolute>
 0000:00000000       __hybrid_auxiliary_iat     0000000000000000     <absolute>
 0000:00000000       __hybrid_auxiliary_iat_copy 0000000000000000     <absolute>
 0000:00000000       __hybrid_code_map          0000000000000000     <absolute>
 0000:00000000       __hybrid_code_map_count    0000000000000000     <absolute>
 0000:00000000       __x64_code_ranges_to_entry_points 0000000000000000     <absolute>
 0000:00000000       __x64_code_ranges_to_entry_points_count 0000000000000000     <absolute>
 0000:00000100       __guard_flags              0000000000000100     <absolute>
 0000:00000000       __ImageBase                0000000180000000     <linker-defined>
 0001:00000000       Reaching_initializer       0000000180001000 f   Reaching_sfun.obj
 0001:00000010       Reaching_terminator        0000000180001010 f   Reaching_sfun.obj
 0001:00000020       load_Reaching_optimization_info 0000000180001020 f   Reaching_sfun.obj
 0001:000000d0       unload_Reaching_optimization_info 00000001800010d0 f   Reaching_sfun.obj
 0001:00000100       sf_Reaching_method_dispatcher 0000000180001100 f   Reaching_sfun.obj
 0001:00000150       sf_Reaching_process_check_sum_call 0000000180001150 f   Reaching_sfun.obj
 0001:00000640       sf_Reaching_get_eml_resolved_functions_info 0000000180001640 f   Reaching_sfun.obj
 0001:00000820       sf_Reaching_third_party_uses_info 0000000180001820 f   Reaching_sfun.obj
 0001:000009f0       sf_Reaching_jit_fallback_info 00000001800019f0 f   Reaching_sfun.obj
 0001:00000bc0       sf_Reaching_get_post_codegen_info 0000000180001bc0 f   Reaching_sfun.obj
 0001:00000da0       sf_Reaching_updateBuildInfo_args_info 0000000180001da0 f   Reaching_sfun.obj
 0001:00000fa0       mdlZeroCrossings_c1_Reaching 0000000180001fa0 f   c1_Reaching.obj
 0001:00000fd0       sf_c1_Reaching_get_eml_resolved_functions_info 0000000180001fd0 f   c1_Reaching.obj
 0001:00001050       sf_c1_Reaching_getDebuggerHoverDataFor 0000000180002050 f   c1_Reaching.obj
 0001:00001220       sf_c1_Reaching_get_check_sum 0000000180002220 f   c1_Reaching.obj
 0001:000012f0       c1_Reaching_method_dispatcher 00000001800022f0 f   c1_Reaching.obj
 0001:0000b800       sf_c1_Reaching_third_party_uses_info 000000018000c800 f   c1_Reaching.obj
 0001:0000b830       sf_c1_Reaching_jit_fallback_info 000000018000c830 f   c1_Reaching.obj
 0001:0000b9c0       sf_c1_Reaching_updateBuildInfo_args_info 000000018000c9c0 f   c1_Reaching.obj
 0001:0000bce0       sf_c1_Reaching_get_post_codegen_info 000000018000cce0 f   c1_Reaching.obj
 0001:0000c300       mexFunction                000000018000d300 f   Reaching_sfun_registry.obj
 0001:0000ebd0       _ssSetInputPortDirectFeedThroughFcn 000000018000fbd0 f   Reaching_sfun_registry.obj
 0001:0000ed40       _ssSetRWorkValueFcn        000000018000fd40 f   Reaching_sfun_registry.obj
 0001:0000edc0       _ssGetRWorkValueFcn        000000018000fdc0 f   Reaching_sfun_registry.obj
 0001:0000ee30       _ssSetIWorkValueFcn        000000018000fe30 f   Reaching_sfun_registry.obj
 0001:0000eeb0       _ssGetIWorkValueFcn        000000018000feb0 f   Reaching_sfun_registry.obj
 0001:0000ef20       _ssSetPWorkValueFcn        000000018000ff20 f   Reaching_sfun_registry.obj
 0001:0000efa0       _ssGetPWorkValueFcn        000000018000ffa0 f   Reaching_sfun_registry.obj
 0001:0000f010       _ssGetInputPortSignalFcn   0000000180010010 f   Reaching_sfun_registry.obj
 0001:0000f3a0       _ssGetInputPortBufferDstPortFcn 00000001800103a0 f   Reaching_sfun_registry.obj
 0001:0000f420       _ssGetInputPortSignalPtrsFcn 0000000180010420 f   Reaching_sfun_registry.obj
 0001:0000f7b0       ssGetParameterTuningCompliance 00000001800107b0 f   Reaching_sfun_registry.obj
 0001:0000f820       _ssReadInputStringFcn      0000000180010820 f   Reaching_sfun_registry.obj
 0001:0000f890       ssGetDTypeIdFromMxArray    0000000180010890 f   Reaching_sfun_registry.obj
 0001:0000f9b0       ssWriteRTWMx2dMatParam     00000001800109b0 f   Reaching_sfun_registry.obj
 0001:0000fa40       ssWriteRTWMxVectParam      0000000180010a40 f   Reaching_sfun_registry.obj
 0001:0000fac0       ssWriteRTWParameters       0000000180010ac0 f   Reaching_sfun_registry.obj
 0001:00010080       ssWriteRTWParamSettings    0000000180011080 f   Reaching_sfun_registry.obj
 0001:00010770       ssWriteRTWStr              0000000180011770 f   Reaching_sfun_registry.obj
 0001:000107d0       ssWriteRTWWorkVect         00000001800117d0 f   Reaching_sfun_registry.obj
 0001:00010d30       ssWarning                  0000000180011d30 f   Reaching_sfun_registry.obj
 0001:00010e20       ssGetRootSS                0000000180011e20 f   Reaching_sfun_registry.obj
 0001:00010ee0       ssGetParentSS              0000000180011ee0 f   Reaching_sfun_registry.obj
 0001:00010fa0       ssWriteRTWNameValuePair    0000000180011fa0 f   Reaching_sfun_registry.obj
 0001:000114a0       _ssSetInputPortMatrixDimensions 00000001800124a0 f   Reaching_sfun_registry.obj
 0001:000115f0       _ssSetOutputPortMatrixDimensions 00000001800125f0 f   Reaching_sfun_registry.obj
 0001:00011740       _ssSetInputPortVectorDimension 0000000180012740 f   Reaching_sfun_registry.obj
 0001:000117f0       _ssSetOutputPortVectorDimension 00000001800127f0 f   Reaching_sfun_registry.obj
 0001:000118a0       ssIsRunTimeParamTunable    00000001800128a0 f   Reaching_sfun_registry.obj
 0001:00011910       ssGetSFuncBlockHandle      0000000180012910 f   Reaching_sfun_registry.obj
 0001:00011980       _ssGetCallSystemNumFcnCallDestinations 0000000180012980 f   Reaching_sfun_registry.obj
 0001:000119f0       _ssGetCurrentInputPortWidth 00000001800129f0 f   Reaching_sfun_registry.obj
 0001:00011b30       _ssGetCurrentOutputPortWidth 0000000180012b30 f   Reaching_sfun_registry.obj
 0001:00011c70       ssGetIsZeroCrossControlDisabled 0000000180012c70 f   Reaching_sfun_registry.obj
 0001:00011ce0       ssSetIsInputPortUsedForContZcSignal 0000000180012ce0 f   Reaching_sfun_registry.obj
 0001:00011d50       ssSetZcSignalIsZcElementDisc 0000000180012d50 f   Reaching_sfun_registry.obj
 0001:00011e00       ssSetZcSignalName          0000000180012e00 f   Reaching_sfun_registry.obj
 0001:00011e70       ssSetZcSignalWidth         0000000180012e70 f   Reaching_sfun_registry.obj
 0001:00011ee0       ssSetZcSignalZcEventType   0000000180012ee0 f   Reaching_sfun_registry.obj
 0001:00011f50       ssSetZcSignalType          0000000180012f50 f   Reaching_sfun_registry.obj
 0001:00011fc0       ssSetZcSignalZcTol         0000000180012fc0 f   Reaching_sfun_registry.obj
 0001:00012030       ssSetZcSignalNeedsEventNotification 0000000180013030 f   Reaching_sfun_registry.obj
 0001:000120a0       ssCreateAndAddZcSignalInfo 00000001800130a0 f   Reaching_sfun_registry.obj
 0001:00012110       ssCloneAndAddZcSignalInfo  0000000180013110 f   Reaching_sfun_registry.obj
 0001:00012180       ssGetNumZcSignals          0000000180013180 f   Reaching_sfun_registry.obj
 0001:000121f0       ssGetZcSignalVector        00000001800131f0 f   Reaching_sfun_registry.obj
 0001:00012260       ssGetZcSignalName          0000000180013260 f   Reaching_sfun_registry.obj
 0001:000122d0       ssGetZcSignalWidth         00000001800132d0 f   Reaching_sfun_registry.obj
 0001:00012340       ssGetZcSignalZcEventType   0000000180013340 f   Reaching_sfun_registry.obj
 0001:000123b0       ssGetZcSignalZcEvents      00000001800133b0 f   Reaching_sfun_registry.obj
 0001:00012420       ssGetZcSignalType          0000000180013420 f   Reaching_sfun_registry.obj
 0001:00012490       ssGetZcSignalZcTol         0000000180013490 f   Reaching_sfun_registry.obj
 0001:00012510       ssGetZcSignalNeedsEventNotification 0000000180013510 f   Reaching_sfun_registry.obj
 0001:00012580       ssGetZcSignalIsZcElementDisc 0000000180013580 f   Reaching_sfun_registry.obj
 0001:00012620       ssGetIsInputPortElementContinuous 0000000180013620 f   Reaching_sfun_registry.obj
 0001:000126c0       _ssGetAbsTol               00000001800136c0 f   Reaching_sfun_registry.obj
 0001:00012730       _ssSetStateAbsTol          0000000180013730 f   Reaching_sfun_registry.obj
 0001:00012810       _ssSetInputPortReusableFcn 0000000180013810 f   Reaching_sfun_registry.obj
 0001:00012910       _ssSetOutputPortReusableFcn 0000000180013910 f   Reaching_sfun_registry.obj
 0001:00012a10       _ssSetSymbolicDimsSupport  0000000180013a10 f   Reaching_sfun_registry.obj
 0001:00012a80       _ssRegisterSymbolicDimsExpr 0000000180013a80 f   Reaching_sfun_registry.obj
 0001:00012b00       _ssRegisterSymbolicDimsMATLABExpr 0000000180013b00 f   Reaching_sfun_registry.obj
 0001:00012b90       _ssRegisterSymbolicDims    0000000180013b90 f   Reaching_sfun_registry.obj
 0001:00012c30       _ssRegisterSymbolicDimsString 0000000180013c30 f   Reaching_sfun_registry.obj
 0001:00012cb0       _ssRegisterSymbolicDimsIntValue 0000000180013cb0 f   Reaching_sfun_registry.obj
 0001:00012d20       _ssRegisterSymbolicEqualRelation 0000000180013d20 f   Reaching_sfun_registry.obj
 0001:00012d90       _ssRegisterSymbolicEqualValue 0000000180013d90 f   Reaching_sfun_registry.obj
 0001:00012e00       _ssAmendLeadingSymbolicDims 0000000180013e00 f   Reaching_sfun_registry.obj
 0001:00012e80       _ssAmendTrailingSymbolicDims 0000000180013e80 f   Reaching_sfun_registry.obj
 0001:00012f00       _ssRegisterSymbolicDimsPlus 0000000180013f00 f   Reaching_sfun_registry.obj
 0001:00012f80       _ssRegisterSymbolicDimsMinus 0000000180013f80 f   Reaching_sfun_registry.obj
 0001:00013000       _ssRegisterSymbolicDimsMultiply 0000000180014000 f   Reaching_sfun_registry.obj
 0001:00013080       _ssRegisterSymbolicDimsDivide 0000000180014080 f   Reaching_sfun_registry.obj
 0001:00013100       _ssGetNumSymbolicDims      0000000180014100 f   Reaching_sfun_registry.obj
 0001:00013170       _ssGetSymbolicDim          0000000180014170 f   Reaching_sfun_registry.obj
 0001:000131f0       _ssSetInputPortSymbolicDimsId 00000001800141f0 f   Reaching_sfun_registry.obj
 0001:00013260       _ssGetCompInputPortSymbolicDimsId 0000000180014260 f   Reaching_sfun_registry.obj
 0001:000132d0       _ssSetCompInputPortSymbolicDimsId 00000001800142d0 f   Reaching_sfun_registry.obj
 0001:00013340       _ssSetOutputPortSymbolicDimsId 0000000180014340 f   Reaching_sfun_registry.obj
 0001:000133b0       _ssGetCompOutputPortSymbolicDimsId 00000001800143b0 f   Reaching_sfun_registry.obj
 0001:00013420       _ssSetCompOutputPortSymbolicDimsId 0000000180014420 f   Reaching_sfun_registry.obj
 0001:00013490       _ssGetDWorkSymbolicDimsId  0000000180014490 f   Reaching_sfun_registry.obj
 0001:00013500       _ssSetDWorkSymbolicDimsId  0000000180014500 f   Reaching_sfun_registry.obj
 0001:00013570       _ssGetCompDWorkSymbolicDimsId 0000000180014570 f   Reaching_sfun_registry.obj
 0001:000135e0       _ssSetCompDWorkSymbolicDimsId 00000001800145e0 f   Reaching_sfun_registry.obj
 0001:00013650       _ssCreateSLCGStringBuffer  0000000180014650 f   Reaching_sfun_registry.obj
 0001:000136c0       _ssAddToSLCGStringBuffer   00000001800146c0 f   Reaching_sfun_registry.obj
 0001:00013730       _ssGetPointerContainedData 0000000180014730 f   Reaching_sfun_registry.obj
 0001:000137c0       _ssGetPointerContainedDataWidth 00000001800147c0 f   Reaching_sfun_registry.obj
 0001:00013850       _ssRegisterDynamicArrayDataTypeFcn 0000000180014850 f   Reaching_sfun_registry.obj
 0001:000138f0       _ssGetDynamicArrayContainedDataCurrentWidthFcn 00000001800148f0 f   Reaching_sfun_registry.obj
 0001:000139c0       _ssGetDynamicArrayContainedDataFcn 00000001800149c0 f   Reaching_sfun_registry.obj
 0001:00013a90       _ssGetInputPortDynamicArrayDataFcn 0000000180014a90 f   Reaching_sfun_registry.obj
 0001:00013b50       _ssGetOutputPortDynamicArrayDataFcn 0000000180014b50 f   Reaching_sfun_registry.obj
 0001:00013c10       _ssGetInputPortDynamicArrayContainedDataFcn 0000000180014c10 f   Reaching_sfun_registry.obj
 0001:00013cd0       _ssGetOutputPortDynamicArrayContainedDataFcn 0000000180014cd0 f   Reaching_sfun_registry.obj
 0001:00013d90       _ssGetDynamicArrayDWorkContainedDataFcn 0000000180014d90 f   Reaching_sfun_registry.obj
 0001:00013e50       sf_process_check_sum_call  0000000180014e50 f   Reaching_sfun_registry.obj
 0001:00013ea0       sf_process_get_third_party_uses_info_call 0000000180014ea0 f   Reaching_sfun_registry.obj
 0001:000140d0       sf_process_get_jit_fallback_info_call 00000001800150d0 f   Reaching_sfun_registry.obj
 0001:00014300       sf_process_get_post_codegen_info_call 0000000180015300 f   Reaching_sfun_registry.obj
 0001:00014530       sf_process_get_updateBuildInfo_args_info_call 0000000180015530 f   Reaching_sfun_registry.obj
 0001:00014760       sf_process_get_eml_resolved_functions_info_call 0000000180015760 f   Reaching_sfun_registry.obj
 0001:00014990       sf_mex_unlock_call         0000000180015990 f   Reaching_sfun_registry.obj
 0001:00014bb0       sf_machine_global_initializer_called 0000000180015bb0 f   Reaching_sfun_registry.obj
 0001:00014be0       sf_machine_global_method_dispatcher 0000000180015be0 f   Reaching_sfun_registry.obj
 0001:00014c40       sf_machine_global_terminator 0000000180015c40 f   Reaching_sfun_registry.obj
 0001:00014c70       callCustomFcn              0000000180015c70 f   Reaching_sfun_registry.obj
 0001:00014c80       sf_machine_global_initializer 0000000180015c80 f   Reaching_sfun_registry.obj
 0001:00014cb0       mdlGetSimState             0000000180015cb0 f   Reaching_sfun_registry.obj
 0001:00014cf0       mdlSetSimState             0000000180015cf0 f   Reaching_sfun_registry.obj
 0001:00015680       ProcessMexSfunctionEveryCall 0000000180016680 f   Reaching_sfun_registry.obj
 0001:00016800       __local_stdio_printf_options 0000000180017800 f i Reaching_sfun_registry.obj
 0001:00016810       _vsnprintf_l               0000000180017810 f i Reaching_sfun_registry.obj
 0001:00016890       _vsprintf_l                0000000180017890 f i Reaching_sfun_registry.obj
 0001:000168e0       sprintf                    00000001800178e0 f i Reaching_sfun_registry.obj
 0001:00016930       mexfilerequiredapiversion  0000000180017930 f   c_mexapi_version.obj
 0001:00016960       getBitfieldFromFloat       0000000180017960 f   half_type.obj
 0001:00016990       getFloatFromBitfield       0000000180017990 f   half_type.obj
 0001:000169c0       getBitfieldFromHalf        00000001800179c0 f   half_type.obj
 0001:000169e0       getHalfFromBitfield        00000001800179e0 f   half_type.obj
 0001:00016a10       halfToFloat                0000000180017a10 f   half_type.obj
 0001:00016b90       halfToDouble               0000000180017b90 f   half_type.obj
 0001:00016bc0       floatToHalf                0000000180017bc0 f   half_type.obj
 0001:00016e20       doubleToHalf               0000000180017e20 f   half_type.obj
 0001:0001710b       sf_load_rtw_optimization_info 000000018001810b f   sf_runtime:sf_runtime.dll
 0001:00017111       sf_mex_decode              0000000180018111 f   sf_runtime:sf_runtime.dll
 0001:00017117       sf_init_ChartRunTimeInfo   0000000180018117 f   sf_runtime:sf_runtime.dll
 0001:0001711d       sf_free_ChartRunTimeInfo   000000018001811d f   sf_runtime:sf_runtime.dll
 0001:00017123       sf_reset_warnings_ChartRunTimeInfo 0000000180018123 f   sf_runtime:sf_runtime.dll
 0001:00017129       sfrtGetEmlrtCtx            0000000180018129 f   sf_runtime:sf_runtime.dll
 0001:0001712f       sfrtGetCovrtInstance       000000018001812f f   sf_runtime:sf_runtime.dll
 0001:00017135       sf_get_chart_instance_ptr  0000000180018135 f   sf_runtime:sf_runtime.dll
 0001:0001713b       sfSetAnimationVectors      000000018001813b f   sf_runtime:sf_runtime.dll
 0001:00017141       sim_mode_is_rtw_gen        0000000180018141 f   sf_runtime:sf_runtime.dll
 0001:00017147       sim_mode_is_external       0000000180018147 f   sf_runtime:sf_runtime.dll
 0001:0001714d       sf_clear_rtw_identifier    000000018001814d f   sf_runtime:sf_runtime.dll
 0001:00017153       sf_get_output_port_reusable 0000000180018153 f   sf_runtime:sf_runtime.dll
 0001:00017159       sf_get_time                0000000180018159 f   sf_runtime:sf_runtime.dll
 0001:0001715f       sf_is_first_init_cond      000000018001815f f   sf_runtime:sf_runtime.dll
 0001:00017165       sfDoAnimationWrapper       0000000180018165 f   sf_runtime:sf_runtime.dll
 0001:0001716b       setDataBrowseFcn           000000018001816b f   sf_runtime:sf_runtime.dll
 0001:00017171       sf_set_work_widths         0000000180018171 f   sf_runtime:sf_runtime.dll
 0001:00017177       mdlProcessParamsCommon     0000000180018177 f   sf_runtime:sf_runtime.dll
 0001:0001717d       sfListenerCacheSimStruct   000000018001817d f   sf_runtime:sf_runtime.dll
 0001:00017183       sfListenerLightTerminate   0000000180018183 f   sf_runtime:sf_runtime.dll
 0001:00017189       sfListenerInitializeRuntimeVars 0000000180018189 f   sf_runtime:sf_runtime.dll
 0001:0001718f       sfListenerRegisterHover    000000018001818f f   sf_runtime:sf_runtime.dll
 0001:00017195       sfAppendHoverData          0000000180018195 f   sf_runtime:sf_runtime.dll
 0001:0001719b       sf_mex_printf              000000018001819b f   sf_runtime:sf_runtime.dll
 0001:000171a1       sf_mex_call                00000001800181a1 f   sf_runtime:sf_runtime.dll
 0001:000171a7       sf_mex_error_message       00000001800181a7 f   sf_runtime:sf_runtime.dll
 0001:000171ad       sf_mex_create              00000001800181ad f   sf_runtime:sf_runtime.dll
 0001:000171b3       sf_mex_createcellmatrix    00000001800181b3 f   sf_runtime:sf_runtime.dll
 0001:000171b9       sf_mex_setcell             00000001800181b9 f   sf_runtime:sf_runtime.dll
 0001:000171bf       sf_mex_getcell             00000001800181bf f   sf_runtime:sf_runtime.dll
 0001:000171c5       sf_mex_assign              00000001800181c5 f   sf_runtime:sf_runtime.dll
 0001:000171cb       sf_mex_dup                 00000001800181cb f   sf_runtime:sf_runtime.dll
 0001:000171d1       sf_mex_destroy             00000001800181d1 f   sf_runtime:sf_runtime.dll
 0001:000171d7       sf_mex_import              00000001800181d7 f   sf_runtime:sf_runtime.dll
 0001:000171dd       sf_mex_sub                 00000001800181dd f   sf_runtime:sf_runtime.dll
 0001:000171e3       sf_mex_duplicatearraysafe  00000001800181e3 f   sf_runtime:sf_runtime.dll
 0001:000171e9       ssGetInputPortSignal_wrapper 00000001800181e9 f   sf_runtime:sf_runtime.dll
 0001:000171ef       ssGetOutputPortSignal_wrapper 00000001800181ef f   sf_runtime:sf_runtime.dll
 0001:000171f5       sf_read_before_write_error 00000001800181f5 f   sf_runtime:sf_runtime.dll
 0001:000171fb       sf_temporal_value_range_check_min 00000001800181fb f   sf_runtime:sf_runtime.dll
 0001:00017201       sf_array_bounds_check      0000000180018201 f   sf_runtime:sf_runtime.dll
 0001:00017207       sf_eml_array_bounds_check  0000000180018207 f   sf_runtime:sf_runtime.dll
 0001:0001720d       sf_integer_check           000000018001820d f   sf_runtime:sf_runtime.dll
 0001:00017213       sf_get_ChartInfoStruct_CodeGen 0000000180018213 f   sf_runtime:sf_runtime.dll
 0001:00017219       sf_get_hasSeparateUpdateOutputs 0000000180018219 f   sf_runtime:sf_runtime.dll
 0001:0001721f       callMdlMethodAndReportError 000000018001821f f   sf_runtime:sf_runtime.dll
 0001:00017225       call_sf_machine_global_method_dispatcher 0000000180018225 f   sf_runtime:sf_runtime.dll
 0001:0001722b       getRuntimeInstanceInfoAsVoid 000000018001822b f   sf_runtime:sf_runtime.dll
 0001:00017231       sf_mex_error_direct_call   0000000180018231 f   sf_runtime:sf_runtime.dll
 0001:00017237       sf_clear_error_manager_info 0000000180018237 f   sf_runtime:sf_runtime.dll
 0001:0001723d       mxIsChar_800               000000018001823d f   libmx:libmx.dll
 0001:00017243       mxGetScalar_800            0000000180018243 f   libmx:libmx.dll
 0001:00017249       mxGetPr_800                0000000180018249 f   libmx:libmx.dll
 0001:0001724f       mxDestroyArray_800         000000018001824f f   libmx:libmx.dll
 0001:00017255       mxCreateDoubleMatrix_800   0000000180018255 f   libmx:libmx.dll
 0001:0001725b       mxGetString_800            000000018001825b f   libmx:libmx.dll
 0001:00017261       mxDuplicateArray_800       0000000180018261 f   libmx:libmx.dll
 0001:00017267       mxIsEmpty_800              0000000180018267 f   libmx:libmx.dll
 0001:0001726d       mxSetField_800             000000018001826d f   libmx:libmx.dll
 0001:00017273       mxCreateString_800         0000000180018273 f   libmx:libmx.dll
 0001:00017279       mxCreateCellMatrix_800     0000000180018279 f   libmx:libmx.dll
 0001:0001727f       mxCreateStructMatrix_800   000000018001827f f   libmx:libmx.dll
 0001:00017285       mxGetNaN_800               0000000180018285 f   libmx:libmx.dll
 0001:0001728b       mxCalloc_800               000000018001828b f   libmx:libmx.dll
 0001:00017291       mxGetM_800                 0000000180018291 f   libmx:libmx.dll
 0001:00017297       mxGetClassID_800           0000000180018297 f   libmx:libmx.dll
 0001:0001729d       mxIsNumeric_800            000000018001829d f   libmx:libmx.dll
 0001:000172a3       mxIsComplex_800            00000001800182a3 f   libmx:libmx.dll
 0001:000172a9       mxGetN_800                 00000001800182a9 f   libmx:libmx.dll
 0001:000172af       mxCreateDoubleScalar_800   00000001800182af f   libmx:libmx.dll
 0001:000172b5       mexMakeArrayPersistent_800 00000001800182b5 f   libmex:libmex.dll
 0001:000172bb       mexErrMsgTxt_800           00000001800182bb f   libmex:libmex.dll
 0001:000172c1       mexWarnMsgTxt_800          00000001800182c1 f   libmex:libmex.dll
 0001:000172c7       mexCallMATLAB_800          00000001800182c7 f   libmex:libmex.dll
 0001:000172cd       mexLock_800                00000001800182cd f   libmex:libmex.dll
 0001:000172d3       mexUnlock_800              00000001800182d3 f   libmex:libmex.dll
 0001:000172d9       mexIsLocked_800            00000001800182d9 f   libmex:libmex.dll
 0001:000172df       utMalloc                   00000001800182df f   libut:libut.dll
 0001:000172e5       utFree                     00000001800182e5 f   libut:libut.dll
 0001:000172eb       muDoubleScalarCeil         00000001800182eb f   libmwmathutil:libmwmathutil.dll
 0001:000172f1       muDoubleScalarFloor        00000001800182f1 f   libmwmathutil:libmwmathutil.dll
 0001:000172f7       muDoubleScalarRound        00000001800182f7 f   libmwmathutil:libmwmathutil.dll
 0001:000172fd       muDoubleScalarCos          00000001800182fd f   libmwmathutil:libmwmathutil.dll
 0001:00017303       muDoubleScalarSin          0000000180018303 f   libmwmathutil:libmwmathutil.dll
 0001:00017309       muDoubleScalarSqrt         0000000180018309 f   libmwmathutil:libmwmathutil.dll
 0001:0001730f       muDoubleScalarRem          000000018001830f f   libmwmathutil:libmwmathutil.dll
 0001:00017315       muDoubleScalarIsNaN        0000000180018315 f   libmwmathutil:libmwmathutil.dll
 0001:0001731b       muDoubleScalarIsInf        000000018001831b f   libmwmathutil:libmwmathutil.dll
 0001:00017321       covrtCreateStateflowInstanceData 0000000180018321 f   libcovrt:libcovrt.dll
 0001:00017327       covrtDeleteStateflowInstanceData 0000000180018327 f   libcovrt:libcovrt.dll
 0001:0001732d       covrtTransInitFcn          000000018001832d f   libcovrt:libcovrt.dll
 0001:00017333       covrtStateInitFcn          0000000180018333 f   libcovrt:libcovrt.dll
 0001:00017339       covrtChartInitFcn          0000000180018339 f   libcovrt:libcovrt.dll
 0001:0001733f       covrtRelationalopUpdateFcn 000000018001833f f   libcovrt:libcovrt.dll
 0001:00017345       covrtSaturationUpdateFcn   0000000180018345 f   libcovrt:libcovrt.dll
 0001:0001734b       covrtDecUpdateFcn          000000018001834b f   libcovrt:libcovrt.dll
 0001:00017351       covrtSigUpdateFcn          0000000180018351 f   libcovrt:libcovrt.dll
 0001:00017357       covrtEmlInitFcn            0000000180018357 f   libcovrt:libcovrt.dll
 0001:0001735d       covrtEmlFcnInitFcn         000000018001835d f   libcovrt:libcovrt.dll
 0001:00017363       covrtEmlSaturationInitFcn  0000000180018363 f   libcovrt:libcovrt.dll
 0001:00017369       covrtEmlIfInitFcn          0000000180018369 f   libcovrt:libcovrt.dll
 0001:0001736f       covrtEmlMCDCInitFcn        000000018001836f f   libcovrt:libcovrt.dll
 0001:00017375       covrtEmlRelationalInitFcn  0000000180018375 f   libcovrt:libcovrt.dll
 0001:0001737b       covrtEmlFcnEval            000000018001837b f   libcovrt:libcovrt.dll
 0001:00017381       covrtEmlIfEval             0000000180018381 f   libcovrt:libcovrt.dll
 0001:00017387       covrtEmlCondEval           0000000180018387 f   libcovrt:libcovrt.dll
 0001:0001738d       covrtEmlMcdcEval           000000018001838d f   libcovrt:libcovrt.dll
 0001:00017394       __raise_securityfailure    0000000180018394 f   MSVCRT:gs_report.obj
 0001:000173c8       __report_gsfailure         00000001800183c8 f   MSVCRT:gs_report.obj
 0001:0001749c       __report_rangecheckfailure 000000018001849c f   MSVCRT:gs_report.obj
 0001:000174b0       __report_securityfailure   00000001800184b0 f   MSVCRT:gs_report.obj
 0001:0001754c       __report_securityfailureEx 000000018001854c f   MSVCRT:gs_report.obj
 0001:00017740       __GSHandlerCheck           0000000180018740 f   MSVCRT:gshandler.obj
 0001:00017760       __GSHandlerCheckCommon     0000000180018760 f   MSVCRT:gshandler.obj
 0001:000177d0       __security_check_cookie    00000001800187d0 f   MSVCRT:amdsecgs.obj
 0001:00017b2c       _CRT_INIT                  0000000180018b2c f   MSVCRT:dll_dllmain.obj
 0001:00017b34       _DllMainCRTStartup         0000000180018b34 f   MSVCRT:dll_dllmain.obj
 0001:00017be0       __security_init_cookie     0000000180018be0 f   MSVCRT:gs_support.obj
 0001:00017c8c       DllMain                    0000000180018c8c f   MSVCRT:dll_dllmain_stub.obj
 0001:00017cb0       ?__scrt_initialize_type_info@@YAXXZ 0000000180018cb0 f   MSVCRT:tncleanup.obj
 0001:00017cc0       ?__scrt_uninitialize_type_info@@YAXXZ 0000000180018cc0 f   MSVCRT:tncleanup.obj
 0001:00017ccc       __local_stdio_scanf_options 0000000180018ccc f i MSVCRT:default_local_stdio_options.obj
 0001:00017cd4       __scrt_initialize_default_local_stdio_options 0000000180018cd4 f   MSVCRT:default_local_stdio_options.obj
 0001:00017cf0       ?configure_argv@__scrt_narrow_argv_policy@@SAHXZ 0000000180018cf0 f i MSVCRT:utility.obj
 0001:00017d50       ?initialize_environment@__scrt_narrow_environment_policy@@SAHXZ 0000000180018d50 f i MSVCRT:utility.obj
 0001:00017d88       NtCurrentTeb               0000000180018d88 f i MSVCRT:utility.obj
 0001:00017d94       __scrt_acquire_startup_lock 0000000180018d94 f   MSVCRT:utility.obj
 0001:00017dd0       __scrt_dllmain_after_initialize_c 0000000180018dd0 f   MSVCRT:utility.obj
 0001:00017e04       __scrt_dllmain_before_initialize_c 0000000180018e04 f   MSVCRT:utility.obj
 0001:00017e1c       __scrt_dllmain_crt_thread_attach 0000000180018e1c f   MSVCRT:utility.obj
 0001:00017e44       __scrt_dllmain_crt_thread_detach 0000000180018e44 f   MSVCRT:utility.obj
 0001:00017e5c       __scrt_dllmain_exception_filter 0000000180018e5c f   MSVCRT:utility.obj
 0001:00017ebc       __scrt_dllmain_uninitialize_c 0000000180018ebc f   MSVCRT:utility.obj
 0001:00017eec       __scrt_dllmain_uninitialize_critical 0000000180018eec f   MSVCRT:utility.obj
 0001:00017f00       __scrt_initialize_crt      0000000180018f00 f   MSVCRT:utility.obj
 0001:00017f4c       __scrt_initialize_onexit_tables 0000000180018f4c f   MSVCRT:utility.obj
 0001:00017fd8       __scrt_is_nonwritable_in_current_image 0000000180018fd8 f   MSVCRT:utility.obj
 0001:00018070       __scrt_release_startup_lock 0000000180019070 f   MSVCRT:utility.obj
 0001:00018094       __scrt_uninitialize_crt    0000000180019094 f   MSVCRT:utility.obj
 0001:000180c0       _onexit                    00000001800190c0 f   MSVCRT:utility.obj
 0001:000180fc       at_quick_exit              00000001800190fc f   MSVCRT:utility.obj
 0001:0001811c       atexit                     000000018001911c f   MSVCRT:utility.obj
 0001:00018134       __scrt_get_dyn_tls_init_callback 0000000180019134 f   MSVCRT:dyn_tls_init.obj
 0001:0001813c       __crt_debugger_hook        000000018001913c f   MSVCRT:utility_desktop.obj
 0001:00018144       __scrt_fastfail            0000000180019144 f   MSVCRT:utility_desktop.obj
 0001:00018290       __scrt_get_show_window_mode 0000000180019290 f   MSVCRT:utility_desktop.obj
 0001:000182cc       __scrt_initialize_mta      00000001800192cc f   MSVCRT:utility_desktop.obj
 0001:000182d4       __scrt_initialize_winrt    00000001800192d4 f   MSVCRT:utility_desktop.obj
 0001:000182d8       __scrt_is_managed_app      00000001800192d8 f   MSVCRT:utility_desktop.obj
 0001:0001832c       __scrt_set_unhandled_exception_filter 000000018001932c f   MSVCRT:utility_desktop.obj
 0001:0001833c       __scrt_exe_initialize_mta  000000018001933c f   MSVCRT:utility_desktop.obj
 0001:0001833c       __scrt_stub_for_initialize_mta 000000018001933c f   MSVCRT:utility_desktop.obj
 0001:00018340       __scrt_unhandled_exception_filter 0000000180019340 f   MSVCRT:utility_desktop.obj
 0001:0001839c       _RTC_Initialize            000000018001939c f   MSVCRT:initsect.obj
 0001:000183d8       _RTC_Terminate             00000001800193d8 f   MSVCRT:initsect.obj
 0001:00018414       _guard_check_icall_nop     0000000180019414 f i MSVCRT:guard_support.obj
 0001:00018418       ReadNoFence64              0000000180019418 f i MSVCRT:guard_support.obj
 0001:0001841c       ReadPointerNoFence         000000018001941c f i MSVCRT:guard_support.obj
 0001:00018420       __castguard_check_failure_debugbreak 0000000180019420 f i MSVCRT:guard_support.obj
 0001:0001843c       __castguard_check_failure_fastfail 000000018001943c f i MSVCRT:guard_support.obj
 0001:00018460       __castguard_check_failure_nop 0000000180019460 f i MSVCRT:guard_support.obj
 0001:00018464       __castguard_check_failure_os_handled 0000000180019464 f i MSVCRT:guard_support.obj
 0001:000184e0       __castguard_slow_path_check_debugbreak 00000001800194e0 f i MSVCRT:guard_support.obj
 0001:00018514       __castguard_slow_path_check_fastfail 0000000180019514 f i MSVCRT:guard_support.obj
 0001:00018550       __castguard_slow_path_check_nop 0000000180019550 f i MSVCRT:guard_support.obj
 0001:00018554       __castguard_slow_path_check_os_handled 0000000180019554 f i MSVCRT:guard_support.obj
 0001:000185c4       _guard_icall_checks_enforced 00000001800195c4 f i MSVCRT:guard_support.obj
 0001:000185dc       _guard_rf_checks_enforced  00000001800195dc f i MSVCRT:guard_support.obj
 0001:000185e0       __isa_available_init       00000001800195e0 f   MSVCRT:cpu_disp.obj
 0001:0001878c       _get_startup_argv_mode     000000018001978c f   MSVCRT:argv_mode.obj
 0001:00018794       __scrt_is_ucrt_dll_in_use  0000000180019794 f   MSVCRT:ucrt_detection.obj
 0001:000187a0       RtlCaptureContext          00000001800197a0 f   kernel32:KERNEL32.dll
 0001:000187a6       RtlLookupFunctionEntry     00000001800197a6 f   kernel32:KERNEL32.dll
 0001:000187ac       RtlVirtualUnwind           00000001800197ac f   kernel32:KERNEL32.dll
 0001:000187b2       UnhandledExceptionFilter   00000001800197b2 f   kernel32:KERNEL32.dll
 0001:000187b8       SetUnhandledExceptionFilter 00000001800197b8 f   kernel32:KERNEL32.dll
 0001:000187be       GetCurrentProcess          00000001800197be f   kernel32:KERNEL32.dll
 0001:000187c4       TerminateProcess           00000001800197c4 f   kernel32:KERNEL32.dll
 0001:000187ca       IsProcessorFeaturePresent  00000001800197ca f   kernel32:KERNEL32.dll
 0001:000187d0       QueryPerformanceCounter    00000001800197d0 f   kernel32:KERNEL32.dll
 0001:000187d6       GetCurrentProcessId        00000001800197d6 f   kernel32:KERNEL32.dll
 0001:000187dc       GetCurrentThreadId         00000001800197dc f   kernel32:KERNEL32.dll
 0001:000187e2       GetSystemTimeAsFileTime    00000001800197e2 f   kernel32:KERNEL32.dll
 0001:000187e8       DisableThreadLibraryCalls  00000001800197e8 f   kernel32:KERNEL32.dll
 0001:000187ee       InitializeSListHead        00000001800197ee f   kernel32:KERNEL32.dll
 0001:000187f4       IsDebuggerPresent          00000001800197f4 f   kernel32:KERNEL32.dll
 0001:000187fa       GetStartupInfoW            00000001800197fa f   kernel32:KERNEL32.dll
 0001:00018800       GetModuleHandleW           0000000180019800 f   kernel32:KERNEL32.dll
 0001:00018806       memset                     0000000180019806 f   vcruntime:VCRUNTIME140.dll
 0001:0001880c       memcpy                     000000018001980c f   vcruntime:VCRUNTIME140.dll
 0001:00018812       __C_specific_handler       0000000180019812 f   vcruntime:VCRUNTIME140.dll
 0001:00018818       __std_type_info_destroy_list 0000000180019818 f   vcruntime:VCRUNTIME140.dll
 0001:0001881e       __current_exception        000000018001981e f   vcruntime:VCRUNTIME140.dll
 0001:00018824       __current_exception_context 0000000180019824 f   vcruntime:VCRUNTIME140.dll
 0001:0001882a       strcmp                     000000018001982a f   ucrt:api-ms-win-crt-string-l1-1-0.dll
 0001:00018830       strcat                     0000000180019830 f   ucrt:api-ms-win-crt-string-l1-1-0.dll
 0001:00018836       _localtime64               0000000180019836 f   ucrt:api-ms-win-crt-time-l1-1-0.dll
 0001:0001883c       _time64                    000000018001983c f   ucrt:api-ms-win-crt-time-l1-1-0.dll
 0001:00018842       __stdio_common_vsprintf    0000000180019842 f   ucrt:api-ms-win-crt-stdio-l1-1-0.dll
 0001:00018848       free                       0000000180019848 f   ucrt:api-ms-win-crt-heap-l1-1-0.dll
 0001:0001884e       malloc                     000000018001984e f   ucrt:api-ms-win-crt-heap-l1-1-0.dll
 0001:00018854       strlen                     0000000180019854 f   ucrt:api-ms-win-crt-string-l1-1-0.dll
 0001:0001885a       _initterm                  000000018001985a f   ucrt:api-ms-win-crt-runtime-l1-1-0.dll
 0001:00018860       _initterm_e                0000000180019860 f   ucrt:api-ms-win-crt-runtime-l1-1-0.dll
 0001:00018866       _seh_filter_dll            0000000180019866 f   ucrt:api-ms-win-crt-runtime-l1-1-0.dll
 0001:0001886c       _configure_narrow_argv     000000018001986c f   ucrt:api-ms-win-crt-runtime-l1-1-0.dll
 0001:00018872       _initialize_narrow_environment 0000000180019872 f   ucrt:api-ms-win-crt-runtime-l1-1-0.dll
 0001:00018878       _initialize_onexit_table   0000000180019878 f   ucrt:api-ms-win-crt-runtime-l1-1-0.dll
 0001:0001887e       _register_onexit_function  000000018001987e f   ucrt:api-ms-win-crt-runtime-l1-1-0.dll
 0001:00018884       _execute_onexit_table      0000000180019884 f   ucrt:api-ms-win-crt-runtime-l1-1-0.dll
 0001:0001888a       _crt_atexit                000000018001988a f   ucrt:api-ms-win-crt-runtime-l1-1-0.dll
 0001:00018890       _crt_at_quick_exit         0000000180019890 f   ucrt:api-ms-win-crt-runtime-l1-1-0.dll
 0001:00018896       _cexit                     0000000180019896 f   ucrt:api-ms-win-crt-runtime-l1-1-0.dll
 0001:0001889c       terminate                  000000018001989c f   ucrt:api-ms-win-crt-runtime-l1-1-0.dll
 0001:000188a4       __acrt_initialize          00000001800198a4 f   MSVCRT:ucrt_stubs.obj
 0001:000188a4       __scrt_stub_for_acrt_initialize 00000001800198a4 f   MSVCRT:ucrt_stubs.obj
 0001:000188a4       __vcrt_initialize          00000001800198a4 f   MSVCRT:ucrt_stubs.obj
 0001:000188a8       __acrt_thread_attach       00000001800198a8 f   MSVCRT:ucrt_stubs.obj
 0001:000188a8       __scrt_stub_for_acrt_thread_attach 00000001800198a8 f   MSVCRT:ucrt_stubs.obj
 0001:000188a8       __vcrt_thread_attach       00000001800198a8 f   MSVCRT:ucrt_stubs.obj
 0001:000188ac       __acrt_thread_detach       00000001800198ac f   MSVCRT:ucrt_stubs.obj
 0001:000188ac       __scrt_stub_for_acrt_thread_detach 00000001800198ac f   MSVCRT:ucrt_stubs.obj
 0001:000188ac       __vcrt_thread_detach       00000001800198ac f   MSVCRT:ucrt_stubs.obj
 0001:000188b0       __acrt_uninitialize        00000001800198b0 f   MSVCRT:ucrt_stubs.obj
 0001:000188b0       __scrt_stub_for_acrt_uninitialize 00000001800198b0 f   MSVCRT:ucrt_stubs.obj
 0001:000188b0       __vcrt_uninitialize        00000001800198b0 f   MSVCRT:ucrt_stubs.obj
 0001:000188b4       __acrt_uninitialize_critical 00000001800198b4 f   MSVCRT:ucrt_stubs.obj
 0001:000188b4       __scrt_stub_for_acrt_uninitialize_critical 00000001800198b4 f   MSVCRT:ucrt_stubs.obj
 0001:000188b4       __vcrt_uninitialize_critical 00000001800198b4 f   MSVCRT:ucrt_stubs.obj
 0001:000188b8       __scrt_stub_for_is_c_termination_complete 00000001800198b8 f   MSVCRT:ucrt_stubs.obj
 0001:000188b8       _is_c_termination_complete 00000001800198b8 f   MSVCRT:ucrt_stubs.obj
 0001:000188d0       _guard_dispatch_icall_nop  00000001800198d0 f   MSVCRT:guard_dispatch.obj
 0001:000188f0       _guard_xfg_dispatch_icall_nop 00000001800198f0 f   MSVCRT:guard_xfg_dispatch.obj
 0002:00000000       __imp_RtlCaptureContext    000000018001a000     kernel32:KERNEL32.dll
 0002:00000008       __imp_RtlLookupFunctionEntry 000000018001a008     kernel32:KERNEL32.dll
 0002:00000010       __imp_RtlVirtualUnwind     000000018001a010     kernel32:KERNEL32.dll
 0002:00000018       __imp_UnhandledExceptionFilter 000000018001a018     kernel32:KERNEL32.dll
 0002:00000020       __imp_SetUnhandledExceptionFilter 000000018001a020     kernel32:KERNEL32.dll
 0002:00000028       __imp_GetCurrentProcess    000000018001a028     kernel32:KERNEL32.dll
 0002:00000030       __imp_TerminateProcess     000000018001a030     kernel32:KERNEL32.dll
 0002:00000038       __imp_IsProcessorFeaturePresent 000000018001a038     kernel32:KERNEL32.dll
 0002:00000040       __imp_QueryPerformanceCounter 000000018001a040     kernel32:KERNEL32.dll
 0002:00000048       __imp_GetCurrentProcessId  000000018001a048     kernel32:KERNEL32.dll
 0002:00000050       __imp_GetCurrentThreadId   000000018001a050     kernel32:KERNEL32.dll
 0002:00000058       __imp_GetSystemTimeAsFileTime 000000018001a058     kernel32:KERNEL32.dll
 0002:00000060       __imp_DisableThreadLibraryCalls 000000018001a060     kernel32:KERNEL32.dll
 0002:00000068       __imp_InitializeSListHead  000000018001a068     kernel32:KERNEL32.dll
 0002:00000070       __imp_IsDebuggerPresent    000000018001a070     kernel32:KERNEL32.dll
 0002:00000078       __imp_GetStartupInfoW      000000018001a078     kernel32:KERNEL32.dll
 0002:00000080       __imp_GetModuleHandleW     000000018001a080     kernel32:KERNEL32.dll
 0002:00000088       \177KERNEL32_NULL_THUNK_DATA 000000018001a088     kernel32:KERNEL32.dll
 0002:00000090       __imp_memcpy               000000018001a090     vcruntime:VCRUNTIME140.dll
 0002:00000098       __imp___C_specific_handler 000000018001a098     vcruntime:VCRUNTIME140.dll
 0002:000000a0       __imp___std_type_info_destroy_list 000000018001a0a0     vcruntime:VCRUNTIME140.dll
 0002:000000a8       __imp___current_exception  000000018001a0a8     vcruntime:VCRUNTIME140.dll
 0002:000000b0       __imp___current_exception_context 000000018001a0b0     vcruntime:VCRUNTIME140.dll
 0002:000000b8       __imp_memset               000000018001a0b8     vcruntime:VCRUNTIME140.dll
 0002:000000c0       \177VCRUNTIME140_NULL_THUNK_DATA 000000018001a0c0     vcruntime:VCRUNTIME140.dll
 0002:000000c8       __imp_free                 000000018001a0c8     ucrt:api-ms-win-crt-heap-l1-1-0.dll
 0002:000000d0       __imp_malloc               000000018001a0d0     ucrt:api-ms-win-crt-heap-l1-1-0.dll
 0002:000000d8       \177api-ms-win-crt-heap-l1-1-0_NULL_THUNK_DATA 000000018001a0d8     ucrt:api-ms-win-crt-heap-l1-1-0.dll
 0002:000000e0       __imp__crt_at_quick_exit   000000018001a0e0     ucrt:api-ms-win-crt-runtime-l1-1-0.dll
 0002:000000e8       __imp__cexit               000000018001a0e8     ucrt:api-ms-win-crt-runtime-l1-1-0.dll
 0002:000000f0       __imp_terminate            000000018001a0f0     ucrt:api-ms-win-crt-runtime-l1-1-0.dll
 0002:000000f8       __imp__initialize_narrow_environment 000000018001a0f8     ucrt:api-ms-win-crt-runtime-l1-1-0.dll
 0002:00000100       __imp__crt_atexit          000000018001a100     ucrt:api-ms-win-crt-runtime-l1-1-0.dll
 0002:00000108       __imp__initterm            000000018001a108     ucrt:api-ms-win-crt-runtime-l1-1-0.dll
 0002:00000110       __imp__initterm_e          000000018001a110     ucrt:api-ms-win-crt-runtime-l1-1-0.dll
 0002:00000118       __imp__seh_filter_dll      000000018001a118     ucrt:api-ms-win-crt-runtime-l1-1-0.dll
 0002:00000120       __imp__configure_narrow_argv 000000018001a120     ucrt:api-ms-win-crt-runtime-l1-1-0.dll
 0002:00000128       __imp__register_onexit_function 000000018001a128     ucrt:api-ms-win-crt-runtime-l1-1-0.dll
 0002:00000130       __imp__initialize_onexit_table 000000018001a130     ucrt:api-ms-win-crt-runtime-l1-1-0.dll
 0002:00000138       __imp__execute_onexit_table 000000018001a138     ucrt:api-ms-win-crt-runtime-l1-1-0.dll
 0002:00000140       \177api-ms-win-crt-runtime-l1-1-0_NULL_THUNK_DATA 000000018001a140     ucrt:api-ms-win-crt-runtime-l1-1-0.dll
 0002:00000148       __imp___stdio_common_vsprintf 000000018001a148     ucrt:api-ms-win-crt-stdio-l1-1-0.dll
 0002:00000150       \177api-ms-win-crt-stdio-l1-1-0_NULL_THUNK_DATA 000000018001a150     ucrt:api-ms-win-crt-stdio-l1-1-0.dll
 0002:00000158       __imp_strcat               000000018001a158     ucrt:api-ms-win-crt-string-l1-1-0.dll
 0002:00000160       __imp_strlen               000000018001a160     ucrt:api-ms-win-crt-string-l1-1-0.dll
 0002:00000168       __imp_strcmp               000000018001a168     ucrt:api-ms-win-crt-string-l1-1-0.dll
 0002:00000170       \177api-ms-win-crt-string-l1-1-0_NULL_THUNK_DATA 000000018001a170     ucrt:api-ms-win-crt-string-l1-1-0.dll
 0002:00000178       __imp__time64              000000018001a178     ucrt:api-ms-win-crt-time-l1-1-0.dll
 0002:00000180       __imp__localtime64         000000018001a180     ucrt:api-ms-win-crt-time-l1-1-0.dll
 0002:00000188       \177api-ms-win-crt-time-l1-1-0_NULL_THUNK_DATA 000000018001a188     ucrt:api-ms-win-crt-time-l1-1-0.dll
 0002:00000190       __imp_covrtEmlFcnEval      000000018001a190     libcovrt:libcovrt.dll
 0002:00000198       __imp_covrtEmlMcdcEval     000000018001a198     libcovrt:libcovrt.dll
 0002:000001a0       __imp_covrtEmlRelationalInitFcn 000000018001a1a0     libcovrt:libcovrt.dll
 0002:000001a8       __imp_covrtEmlMCDCInitFcn  000000018001a1a8     libcovrt:libcovrt.dll
 0002:000001b0       __imp_covrtEmlIfInitFcn    000000018001a1b0     libcovrt:libcovrt.dll
 0002:000001b8       __imp_covrtEmlIfEval       000000018001a1b8     libcovrt:libcovrt.dll
 0002:000001c0       __imp_covrtEmlSaturationInitFcn 000000018001a1c0     libcovrt:libcovrt.dll
 0002:000001c8       __imp_covrtEmlFcnInitFcn   000000018001a1c8     libcovrt:libcovrt.dll
 0002:000001d0       __imp_covrtEmlInitFcn      000000018001a1d0     libcovrt:libcovrt.dll
 0002:000001d8       __imp_covrtSigUpdateFcn    000000018001a1d8     libcovrt:libcovrt.dll
 0002:000001e0       __imp_covrtDecUpdateFcn    000000018001a1e0     libcovrt:libcovrt.dll
 0002:000001e8       __imp_covrtSaturationUpdateFcn 000000018001a1e8     libcovrt:libcovrt.dll
 0002:000001f0       __imp_covrtRelationalopUpdateFcn 000000018001a1f0     libcovrt:libcovrt.dll
 0002:000001f8       __imp_covrtChartInitFcn    000000018001a1f8     libcovrt:libcovrt.dll
 0002:00000200       __imp_covrtStateInitFcn    000000018001a200     libcovrt:libcovrt.dll
 0002:00000208       __imp_covrtTransInitFcn    000000018001a208     libcovrt:libcovrt.dll
 0002:00000210       __imp_covrtDeleteStateflowInstanceData 000000018001a210     libcovrt:libcovrt.dll
 0002:00000218       __imp_covrtCreateStateflowInstanceData 000000018001a218     libcovrt:libcovrt.dll
 0002:00000220       __imp_covrtEmlCondEval     000000018001a220     libcovrt:libcovrt.dll
 0002:00000228       \177libcovrt_NULL_THUNK_DATA 000000018001a228     libcovrt:libcovrt.dll
 0002:00000230       __imp_mexLock_800          000000018001a230     libmex:libmex.dll
 0002:00000238       __imp_mexIsLocked_800      000000018001a238     libmex:libmex.dll
 0002:00000240       __imp_mexUnlock_800        000000018001a240     libmex:libmex.dll
 0002:00000248       __imp_mexMakeArrayPersistent_800 000000018001a248     libmex:libmex.dll
 0002:00000250       __imp_mexErrMsgTxt_800     000000018001a250     libmex:libmex.dll
 0002:00000258       __imp_mexWarnMsgTxt_800    000000018001a258     libmex:libmex.dll
 0002:00000260       __imp_mexCallMATLAB_800    000000018001a260     libmex:libmex.dll
 0002:00000268       \177libmex_NULL_THUNK_DATA 000000018001a268     libmex:libmex.dll
 0002:00000270       __imp_muDoubleScalarIsInf  000000018001a270     libmwmathutil:libmwmathutil.dll
 0002:00000278       __imp_muDoubleScalarRem    000000018001a278     libmwmathutil:libmwmathutil.dll
 0002:00000280       __imp_muDoubleScalarIsNaN  000000018001a280     libmwmathutil:libmwmathutil.dll
 0002:00000288       __imp_muDoubleScalarRound  000000018001a288     libmwmathutil:libmwmathutil.dll
 0002:00000290       __imp_muDoubleScalarSqrt   000000018001a290     libmwmathutil:libmwmathutil.dll
 0002:00000298       __imp_muDoubleScalarSin    000000018001a298     libmwmathutil:libmwmathutil.dll
 0002:000002a0       __imp_muDoubleScalarCeil   000000018001a2a0     libmwmathutil:libmwmathutil.dll
 0002:000002a8       __imp_muDoubleScalarFloor  000000018001a2a8     libmwmathutil:libmwmathutil.dll
 0002:000002b0       __imp_muDoubleScalarCos    000000018001a2b0     libmwmathutil:libmwmathutil.dll
 0002:000002b8       \177libmwmathutil_NULL_THUNK_DATA 000000018001a2b8     libmwmathutil:libmwmathutil.dll
 0002:000002c0       __imp_mxGetScalar_800      000000018001a2c0     libmx:libmx.dll
 0002:000002c8       __imp_mxIsComplex_800      000000018001a2c8     libmx:libmx.dll
 0002:000002d0       __imp_mxCreateDoubleScalar_800 000000018001a2d0     libmx:libmx.dll
 0002:000002d8       __imp_mxGetN_800           000000018001a2d8     libmx:libmx.dll
 0002:000002e0       __imp_mxIsChar_800         000000018001a2e0     libmx:libmx.dll
 0002:000002e8       __imp_mxIsNumeric_800      000000018001a2e8     libmx:libmx.dll
 0002:000002f0       __imp_mxGetClassID_800     000000018001a2f0     libmx:libmx.dll
 0002:000002f8       __imp_mxGetM_800           000000018001a2f8     libmx:libmx.dll
 0002:00000300       __imp_mxCalloc_800         000000018001a300     libmx:libmx.dll
 0002:00000308       __imp_mxGetNaN_800         000000018001a308     libmx:libmx.dll
 0002:00000310       __imp_mxCreateStructMatrix_800 000000018001a310     libmx:libmx.dll
 0002:00000318       __imp_mxCreateCellMatrix_800 000000018001a318     libmx:libmx.dll
 0002:00000320       __imp_mxCreateString_800   000000018001a320     libmx:libmx.dll
 0002:00000328       __imp_mxSetField_800       000000018001a328     libmx:libmx.dll
 0002:00000330       __imp_mxIsEmpty_800        000000018001a330     libmx:libmx.dll
 0002:00000338       __imp_mxDuplicateArray_800 000000018001a338     libmx:libmx.dll
 0002:00000340       __imp_mxGetString_800      000000018001a340     libmx:libmx.dll
 0002:00000348       __imp_mxCreateDoubleMatrix_800 000000018001a348     libmx:libmx.dll
 0002:00000350       __imp_mxGetPr_800          000000018001a350     libmx:libmx.dll
 0002:00000358       __imp_mxDestroyArray_800   000000018001a358     libmx:libmx.dll
 0002:00000360       \177libmx_NULL_THUNK_DATA  000000018001a360     libmx:libmx.dll
 0002:00000368       __imp_utMalloc             000000018001a368     libut:libut.dll
 0002:00000370       __imp_utFree               000000018001a370     libut:libut.dll
 0002:00000378       \177libut_NULL_THUNK_DATA  000000018001a378     libut:libut.dll
 0002:00000380       __imp_sf_mex_decode        000000018001a380     sf_runtime:sf_runtime.dll
 0002:00000388       __imp_sf_clear_error_manager_info 000000018001a388     sf_runtime:sf_runtime.dll
 0002:00000390       __imp_sf_mex_error_direct_call 000000018001a390     sf_runtime:sf_runtime.dll
 0002:00000398       __imp_getRuntimeInstanceInfoAsVoid 000000018001a398     sf_runtime:sf_runtime.dll
 0002:000003a0       __imp_call_sf_machine_global_method_dispatcher 000000018001a3a0     sf_runtime:sf_runtime.dll
 0002:000003a8       __imp_callMdlMethodAndReportError 000000018001a3a8     sf_runtime:sf_runtime.dll
 0002:000003b0       __imp_sf_get_hasSeparateUpdateOutputs 000000018001a3b0     sf_runtime:sf_runtime.dll
 0002:000003b8       __imp_sf_get_ChartInfoStruct_CodeGen 000000018001a3b8     sf_runtime:sf_runtime.dll
 0002:000003c0       __imp_sf_integer_check     000000018001a3c0     sf_runtime:sf_runtime.dll
 0002:000003c8       __imp_sf_eml_array_bounds_check 000000018001a3c8     sf_runtime:sf_runtime.dll
 0002:000003d0       __imp_sf_array_bounds_check 000000018001a3d0     sf_runtime:sf_runtime.dll
 0002:000003d8       __imp_sf_temporal_value_range_check_min 000000018001a3d8     sf_runtime:sf_runtime.dll
 0002:000003e0       __imp_sf_read_before_write_error 000000018001a3e0     sf_runtime:sf_runtime.dll
 0002:000003e8       __imp_ssGetOutputPortSignal_wrapper 000000018001a3e8     sf_runtime:sf_runtime.dll
 0002:000003f0       __imp_ssGetInputPortSignal_wrapper 000000018001a3f0     sf_runtime:sf_runtime.dll
 0002:000003f8       __imp_sf_mex_duplicatearraysafe 000000018001a3f8     sf_runtime:sf_runtime.dll
 0002:00000400       __imp_sf_mex_sub           000000018001a400     sf_runtime:sf_runtime.dll
 0002:00000408       __imp_sf_mex_import        000000018001a408     sf_runtime:sf_runtime.dll
 0002:00000410       __imp_sf_mex_destroy       000000018001a410     sf_runtime:sf_runtime.dll
 0002:00000418       __imp_sf_mex_dup           000000018001a418     sf_runtime:sf_runtime.dll
 0002:00000420       __imp_sf_mex_assign        000000018001a420     sf_runtime:sf_runtime.dll
 0002:00000428       __imp_sf_mex_getcell       000000018001a428     sf_runtime:sf_runtime.dll
 0002:00000430       __imp_sf_mex_setcell       000000018001a430     sf_runtime:sf_runtime.dll
 0002:00000438       __imp_sf_mex_createcellmatrix 000000018001a438     sf_runtime:sf_runtime.dll
 0002:00000440       __imp_sf_mex_create        000000018001a440     sf_runtime:sf_runtime.dll
 0002:00000448       __imp_sf_mex_error_message 000000018001a448     sf_runtime:sf_runtime.dll
 0002:00000450       __imp_sf_mex_call          000000018001a450     sf_runtime:sf_runtime.dll
 0002:00000458       __imp_sf_mex_printf        000000018001a458     sf_runtime:sf_runtime.dll
 0002:00000460       __imp_sfAppendHoverData    000000018001a460     sf_runtime:sf_runtime.dll
 0002:00000468       __imp_sfListenerRegisterHover 000000018001a468     sf_runtime:sf_runtime.dll
 0002:00000470       __imp_sfListenerInitializeRuntimeVars 000000018001a470     sf_runtime:sf_runtime.dll
 0002:00000478       __imp_sfListenerLightTerminate 000000018001a478     sf_runtime:sf_runtime.dll
 0002:00000480       __imp_sfListenerCacheSimStruct 000000018001a480     sf_runtime:sf_runtime.dll
 0002:00000488       __imp_mdlProcessParamsCommon 000000018001a488     sf_runtime:sf_runtime.dll
 0002:00000490       __imp_sf_set_work_widths   000000018001a490     sf_runtime:sf_runtime.dll
 0002:00000498       __imp_setDataBrowseFcn     000000018001a498     sf_runtime:sf_runtime.dll
 0002:000004a0       __imp_sfDoAnimationWrapper 000000018001a4a0     sf_runtime:sf_runtime.dll
 0002:000004a8       __imp_sf_is_first_init_cond 000000018001a4a8     sf_runtime:sf_runtime.dll
 0002:000004b0       __imp_sf_get_time          000000018001a4b0     sf_runtime:sf_runtime.dll
 0002:000004b8       __imp_sf_get_output_port_reusable 000000018001a4b8     sf_runtime:sf_runtime.dll
 0002:000004c0       __imp_sf_clear_rtw_identifier 000000018001a4c0     sf_runtime:sf_runtime.dll
 0002:000004c8       __imp_sim_mode_is_external 000000018001a4c8     sf_runtime:sf_runtime.dll
 0002:000004d0       __imp_sim_mode_is_rtw_gen  000000018001a4d0     sf_runtime:sf_runtime.dll
 0002:000004d8       __imp_sfSetAnimationVectors 000000018001a4d8     sf_runtime:sf_runtime.dll
 0002:000004e0       __imp_sf_get_chart_instance_ptr 000000018001a4e0     sf_runtime:sf_runtime.dll
 0002:000004e8       __imp_sfrtGetCovrtInstance 000000018001a4e8     sf_runtime:sf_runtime.dll
 0002:000004f0       __imp_sfrtGetEmlrtCtx      000000018001a4f0     sf_runtime:sf_runtime.dll
 0002:000004f8       __imp_sf_reset_warnings_ChartRunTimeInfo 000000018001a4f8     sf_runtime:sf_runtime.dll
 0002:00000500       __imp_sf_free_ChartRunTimeInfo 000000018001a500     sf_runtime:sf_runtime.dll
 0002:00000508       __imp_sf_init_ChartRunTimeInfo 000000018001a508     sf_runtime:sf_runtime.dll
 0002:00000510       __imp_sf_load_rtw_optimization_info 000000018001a510     sf_runtime:sf_runtime.dll
 0002:00000518       \177sf_runtime_NULL_THUNK_DATA 000000018001a518     sf_runtime:sf_runtime.dll
 0002:00000520       __guard_check_icall_fptr   000000018001a520     MSVCRT:guard_support.obj
 0002:00000528       __guard_xfg_check_icall_fptr 000000018001a528     MSVCRT:guard_support.obj
 0002:00000530       __guard_dispatch_icall_fptr 000000018001a530     MSVCRT:guard_support.obj
 0002:00000538       __guard_xfg_dispatch_icall_fptr 000000018001a538     MSVCRT:guard_support.obj
 0002:00000540       __guard_xfg_table_dispatch_icall_fptr 000000018001a540     MSVCRT:guard_support.obj
 0002:00000548       __castguard_check_failure_os_handled_fptr 000000018001a548     MSVCRT:guard_support.obj
 0002:00000550       __guard_memcpy_fptr        000000018001a550     vcruntime:softmemtag.obj
 0002:00000558       __xc_a                     000000018001a558     MSVCRT:initializers.obj
 0002:00000560       __xc_z                     000000018001a560     MSVCRT:initializers.obj
 0002:00000568       __xi_a                     000000018001a568     MSVCRT:initializers.obj
 0002:00000570       __xi_z                     000000018001a570     MSVCRT:initializers.obj
 0002:00000578       __xp_a                     000000018001a578     MSVCRT:initializers.obj
 0002:00000580       __xp_z                     000000018001a580     MSVCRT:initializers.obj
 0002:00000588       __xt_a                     000000018001a588     MSVCRT:initializers.obj
 0002:00000590       __xt_z                     000000018001a590     MSVCRT:initializers.obj
 0002:000005a0       __real@41a0a9d198000000    000000018001a5a0     Reaching_sfun.obj
 0002:000005a8       __real@41c3a5e21b800000    000000018001a5a8     Reaching_sfun.obj
 0002:000005b0       __real@41c41a5d43000000    000000018001a5b0     Reaching_sfun.obj
 0002:000005b8       __real@41d0199e9cc00000    000000018001a5b8     Reaching_sfun.obj
 0002:000005c0       __real@41d0c354e7800000    000000018001a5c0     Reaching_sfun.obj
 0002:000005c8       __real@41d0daa001000000    000000018001a5c8     Reaching_sfun.obj
 0002:000005d0       __real@41e2a4c523a00000    000000018001a5d0     Reaching_sfun.obj
 0002:000005d8       __real@41e7dbf9c1c00000    000000018001a5d8     Reaching_sfun.obj
 0002:000005e0       __real@41e85b21b2000000    000000018001a5e0     Reaching_sfun.obj
 0002:000005e8       __real@41eae387d4e00000    000000018001a5e8     Reaching_sfun.obj
 0002:000005f0       __real@41eba5ed82800000    000000018001a5f0     Reaching_sfun.obj
 0002:000005f8       __real@41ecfca157800000    000000018001a5f8     Reaching_sfun.obj
 0002:000006b8       __real@0000000000000000    000000018001a6b8     c1_Reaching.obj
 0002:000006c0       __real@3ca0000000000000    000000018001a6c0     c1_Reaching.obj
 0002:000006c8       __real@3defffffffffffff    000000018001a6c8     c1_Reaching.obj
 0002:000006d0       __real@3e00000000200000    000000018001a6d0     c1_Reaching.obj
 0002:000006d8       __real@3f91df46a2529d39    000000018001a6d8     c1_Reaching.obj
 0002:000006e0       __real@3fb999999999999a    000000018001a6e0     c1_Reaching.obj
 0002:000006e8       __real@3fd999999999999a    000000018001a6e8     c1_Reaching.obj
 0002:000006f0       __real@3ff0000000000000    000000018001a6f0     c1_Reaching.obj
 0002:000006f8       __real@4000000000000000    000000018001a6f8     c1_Reaching.obj
 0002:00000700       __real@4010000000000000    000000018001a700     c1_Reaching.obj
 0002:00000708       __real@4020000000000000    000000018001a708     c1_Reaching.obj
 0002:00000710       __real@4024000000000000    000000018001a710     c1_Reaching.obj
 0002:00000718       __real@4034000000000000    000000018001a718     c1_Reaching.obj
 0002:00000720       __real@403f000000000000    000000018001a720     c1_Reaching.obj
 0002:00000728       __real@404d800000000000    000000018001a728     c1_Reaching.obj
 0002:00000730       __real@404e000000000000    000000018001a730     c1_Reaching.obj
 0002:00000738       __real@4056800000000000    000000018001a738     c1_Reaching.obj
 0002:00000740       __real@4059000000000000    000000018001a740     c1_Reaching.obj
 0002:00000748       __real@405e000000000000    000000018001a748     c1_Reaching.obj
 0002:00000750       __real@4062e00000000000    000000018001a750     c1_Reaching.obj
 0002:00000758       __real@4066a00000000000    000000018001a758     c1_Reaching.obj
 0002:00000760       __real@406a800000000000    000000018001a760     c1_Reaching.obj
 0002:00000768       __real@406c800000000000    000000018001a768     c1_Reaching.obj
 0002:00000770       __real@406e600000000000    000000018001a770     c1_Reaching.obj
 0002:00000778       __real@4071100000000000    000000018001a778     c1_Reaching.obj
 0002:00000780       __real@4073000000000000    000000018001a780     c1_Reaching.obj
 0002:00000788       __real@4074e00000000000    000000018001a788     c1_Reaching.obj
 0002:00000790       __real@4076d00000000000    000000018001a790     c1_Reaching.obj
 0002:00000798       __real@4078d00000000000    000000018001a798     c1_Reaching.obj
 0002:000007a0       __real@4079000000000000    000000018001a7a0     c1_Reaching.obj
 0002:000007a8       __real@40ac200000000000    000000018001a7a8     c1_Reaching.obj
 0002:000007b0       __real@40f5180000000000    000000018001a7b0     c1_Reaching.obj
 0002:000007b8       __real@41607ac000000000    000000018001a7b8     c1_Reaching.obj
 0002:000007c0       __real@4190000000000000    000000018001a7c0     c1_Reaching.obj
 0002:000007c8       __real@41caaa4699800000    000000018001a7c8     c1_Reaching.obj
 0002:000007d0       __real@41d17d9f98000000    000000018001a7d0     c1_Reaching.obj
 0002:000007d8       __real@41dfffffffc00000    000000018001a7d8     c1_Reaching.obj
 0002:000007e0       __real@41e75b6f2f400000    000000018001a7e0     c1_Reaching.obj
 0002:000007e8       __real@41e7b00c21a00000    000000018001a7e8     c1_Reaching.obj
 0002:000007f0       __real@41f0000000000000    000000018001a7f0     c1_Reaching.obj
 0002:000007f8       __real@bff0000000000000    000000018001a7f8     c1_Reaching.obj
 0002:00000800       DYNAMIC_DIMENSION_DEF      000000018001a800     Reaching_sfun_registry.obj
 0002:00000818       __real@41602cbca0000000    000000018001a818     Reaching_sfun_registry.obj
 0002:00000830       _pDefaultRawDllMain        000000018001a830     MSVCRT:dll_dllmain.obj
 0002:00000830       _pRawDllMain               000000018001a830     MSVCRT:dll_dllmain.obj
 0002:00000840       __xmm@ffffffffffffffffffffffffffffffff 000000018001a840     MSVCRT:utility.obj
 0002:00000850       _load_config_used          000000018001a850     MSVCRT:loadcfg.obj
 0002:00000a00       __CastGuardVftablesStart   000000018001aa00     MSVCRT:guard_support.obj
 0002:00000a80       __CastGuardVftablesEnd     000000018001aa80     MSVCRT:guard_support.obj
 0002:00000b00       __volatile_metadata        000000018001ab00     <linker-defined>
 0002:00000f30       __rtc_iaa                  000000018001af30     MSVCRT:initsect.obj
 0002:00000f38       __rtc_izz                  000000018001af38     MSVCRT:initsect.obj
 0002:00000f40       __rtc_taa                  000000018001af40     MSVCRT:initsect.obj
 0002:00000f48       __rtc_tzz                  000000018001af48     MSVCRT:initsect.obj
 0002:00001b08       __IMPORT_DESCRIPTOR_sf_runtime 000000018001bb08     sf_runtime:sf_runtime.dll
 0002:00001b1c       __IMPORT_DESCRIPTOR_libmx  000000018001bb1c     libmx:libmx.dll
 0002:00001b30       __IMPORT_DESCRIPTOR_libmex 000000018001bb30     libmex:libmex.dll
 0002:00001b44       __IMPORT_DESCRIPTOR_libut  000000018001bb44     libut:libut.dll
 0002:00001b58       __IMPORT_DESCRIPTOR_libmwmathutil 000000018001bb58     libmwmathutil:libmwmathutil.dll
 0002:00001b6c       __IMPORT_DESCRIPTOR_libcovrt 000000018001bb6c     libcovrt:libcovrt.dll
 0002:00001b80       __IMPORT_DESCRIPTOR_KERNEL32 000000018001bb80     kernel32:KERNEL32.dll
 0002:00001b94       __IMPORT_DESCRIPTOR_VCRUNTIME140 000000018001bb94     vcruntime:VCRUNTIME140.dll
 0002:00001ba8       __IMPORT_DESCRIPTOR_api-ms-win-crt-string-l1-1-0 000000018001bba8     ucrt:api-ms-win-crt-string-l1-1-0.dll
 0002:00001bbc       __IMPORT_DESCRIPTOR_api-ms-win-crt-time-l1-1-0 000000018001bbbc     ucrt:api-ms-win-crt-time-l1-1-0.dll
 0002:00001bd0       __IMPORT_DESCRIPTOR_api-ms-win-crt-stdio-l1-1-0 000000018001bbd0     ucrt:api-ms-win-crt-stdio-l1-1-0.dll
 0002:00001be4       __IMPORT_DESCRIPTOR_api-ms-win-crt-heap-l1-1-0 000000018001bbe4     ucrt:api-ms-win-crt-heap-l1-1-0.dll
 0002:00001bf8       __IMPORT_DESCRIPTOR_api-ms-win-crt-runtime-l1-1-0 000000018001bbf8     ucrt:api-ms-win-crt-runtime-l1-1-0.dll
 0002:00001c0c       __NULL_IMPORT_DESCRIPTOR   000000018001bc0c     sf_runtime:sf_runtime.dll
 0003:000023b0       DYNAMIC_DIMENSION          000000018001f3b0     Reaching_sfun_registry.obj
 0003:00004990       __security_cookie_complement 0000000180021990     MSVCRT:gs_cookie.obj
 0003:00004998       __security_cookie          0000000180021998     MSVCRT:gs_cookie.obj
 0003:000049a0       _fltused                   00000001800219a0     MSVCRT:fltused.obj
 0003:000049a4       __scrt_native_dllmain_reason 00000001800219a4     MSVCRT:utility.obj
 0003:000049a8       __isa_available            00000001800219a8     MSVCRT:cpu_disp.obj
 0003:000049ac       __isa_enabled              00000001800219ac     MSVCRT:cpu_disp.obj
 0003:000049b0       __memset_fast_string_threshold 00000001800219b0     MSVCRT:cpu_disp.obj
 0003:000049b8       __memset_nt_threshold      00000001800219b8     MSVCRT:cpu_disp.obj
 0003:000049c0       __scrt_ucrt_dll_is_in_use  00000001800219c0     MSVCRT:ucrt_stubs.obj
 0003:00005b40       ?__type_info_root_node@@3U__type_info_node@@A 0000000180022b40     MSVCRT:tncleanup.obj
 0003:00005b50       ?_OptionsStorage@?1??__local_stdio_printf_options@@9@4_KA 0000000180022b50     MSVCRT:default_local_stdio_options.obj
 0003:00005b58       ?_OptionsStorage@?1??__local_stdio_scanf_options@@9@4_KA 0000000180022b58     MSVCRT:default_local_stdio_options.obj
 0003:00005b60       __scrt_current_native_startup_state 0000000180022b60     MSVCRT:utility.obj
 0003:00005b68       __scrt_native_startup_lock 0000000180022b68     MSVCRT:utility.obj
 0003:00005ba8       __scrt_debugger_hook_flag  0000000180022ba8     MSVCRT:utility_desktop.obj
 0003:00005bac       __favor                    0000000180022bac     MSVCRT:cpu_disp.obj
 0003:00005bb0       ?_OptionsStorage@?1??__local_stdio_printf_options@@9@9 0000000180022bb0     <common>
 0003:00005bb8       __dyn_tls_init_callback    0000000180022bb8     <common>

 entry point at        0001:00017b34

 Static symbols

 0000:00000000       .debug$S                   0000000180000000     Reaching_sfun.exp
 0000:00000000       _volmd                     0000000180000000     Reaching_sfun.obj
 0000:00000000       _volmd                     0000000180000000     Reaching_sfun_registry.obj
 0000:00000000       _volmd                     0000000180000000     c1_Reaching.obj
 0000:00000000       .debug$S                   0000000180000000     ucrt:api-ms-win-crt-heap-l1-1-0.dll
 0000:00000000       .debug$S                   0000000180000000     ucrt:api-ms-win-crt-heap-l1-1-0.dll
 0000:00000000       .debug$S                   0000000180000000     ucrt:api-ms-win-crt-runtime-l1-1-0.dll
 0000:00000000       .debug$S                   0000000180000000     ucrt:api-ms-win-crt-runtime-l1-1-0.dll
 0000:00000000       .debug$S                   0000000180000000     ucrt:api-ms-win-crt-runtime-l1-1-0.dll
 0000:00000000       .debug$S                   0000000180000000     ucrt:api-ms-win-crt-runtime-l1-1-0.dll
 0000:00000000       .debug$S                   0000000180000000     ucrt:api-ms-win-crt-runtime-l1-1-0.dll
 0000:00000000       .debug$S                   0000000180000000     ucrt:api-ms-win-crt-runtime-l1-1-0.dll
 0000:00000000       .debug$S                   0000000180000000     ucrt:api-ms-win-crt-runtime-l1-1-0.dll
 0000:00000000       .debug$S                   0000000180000000     ucrt:api-ms-win-crt-runtime-l1-1-0.dll
 0000:00000000       .debug$S                   0000000180000000     ucrt:api-ms-win-crt-runtime-l1-1-0.dll
 0000:00000000       .debug$S                   0000000180000000     ucrt:api-ms-win-crt-runtime-l1-1-0.dll
 0000:00000000       .debug$S                   0000000180000000     ucrt:api-ms-win-crt-runtime-l1-1-0.dll
 0000:00000000       .debug$S                   0000000180000000     ucrt:api-ms-win-crt-runtime-l1-1-0.dll
 0000:00000000       .debug$S                   0000000180000000     ucrt:api-ms-win-crt-stdio-l1-1-0.dll
 0000:00000000       .debug$S                   0000000180000000     ucrt:api-ms-win-crt-string-l1-1-0.dll
 0000:00000000       .debug$S                   0000000180000000     ucrt:api-ms-win-crt-string-l1-1-0.dll
 0000:00000000       .debug$S                   0000000180000000     ucrt:api-ms-win-crt-string-l1-1-0.dll
 0000:00000000       .debug$S                   0000000180000000     ucrt:api-ms-win-crt-time-l1-1-0.dll
 0000:00000000       .debug$S                   0000000180000000     ucrt:api-ms-win-crt-time-l1-1-0.dll
 0000:00000000       .debug$S                   0000000180000000     kernel32:KERNEL32.dll
 0000:00000000       .debug$S                   0000000180000000     kernel32:KERNEL32.dll
 0000:00000000       .debug$S                   0000000180000000     kernel32:KERNEL32.dll
 0000:00000000       .debug$S                   0000000180000000     kernel32:KERNEL32.dll
 0000:00000000       .debug$S                   0000000180000000     kernel32:KERNEL32.dll
 0000:00000000       .debug$S                   0000000180000000     kernel32:KERNEL32.dll
 0000:00000000       .debug$S                   0000000180000000     kernel32:KERNEL32.dll
 0000:00000000       .debug$S                   0000000180000000     kernel32:KERNEL32.dll
 0000:00000000       .debug$S                   0000000180000000     kernel32:KERNEL32.dll
 0000:00000000       .debug$S                   0000000180000000     kernel32:KERNEL32.dll
 0000:00000000       .debug$S                   0000000180000000     kernel32:KERNEL32.dll
 0000:00000000       .debug$S                   0000000180000000     kernel32:KERNEL32.dll
 0000:00000000       .debug$S                   0000000180000000     kernel32:KERNEL32.dll
 0000:00000000       .debug$S                   0000000180000000     kernel32:KERNEL32.dll
 0000:00000000       .debug$S                   0000000180000000     kernel32:KERNEL32.dll
 0000:00000000       .debug$S                   0000000180000000     kernel32:KERNEL32.dll
 0000:00000000       .debug$S                   0000000180000000     kernel32:KERNEL32.dll
 0000:00000000       .debug$S                   0000000180000000     libcovrt:libcovrt.dll
 0000:00000000       .debug$S                   0000000180000000     libcovrt:libcovrt.dll
 0000:00000000       .debug$S                   0000000180000000     libcovrt:libcovrt.dll
 0000:00000000       .debug$S                   0000000180000000     libcovrt:libcovrt.dll
 0000:00000000       .debug$S                   0000000180000000     libcovrt:libcovrt.dll
 0000:00000000       .debug$S                   0000000180000000     libcovrt:libcovrt.dll
 0000:00000000       .debug$S                   0000000180000000     libcovrt:libcovrt.dll
 0000:00000000       .debug$S                   0000000180000000     libcovrt:libcovrt.dll
 0000:00000000       .debug$S                   0000000180000000     libcovrt:libcovrt.dll
 0000:00000000       .debug$S                   0000000180000000     libcovrt:libcovrt.dll
 0000:00000000       .debug$S                   0000000180000000     libcovrt:libcovrt.dll
 0000:00000000       .debug$S                   0000000180000000     libcovrt:libcovrt.dll
 0000:00000000       .debug$S                   0000000180000000     libcovrt:libcovrt.dll
 0000:00000000       .debug$S                   0000000180000000     libcovrt:libcovrt.dll
 0000:00000000       .debug$S                   0000000180000000     libcovrt:libcovrt.dll
 0000:00000000       .debug$S                   0000000180000000     libcovrt:libcovrt.dll
 0000:00000000       .debug$S                   0000000180000000     libcovrt:libcovrt.dll
 0000:00000000       .debug$S                   0000000180000000     libcovrt:libcovrt.dll
 0000:00000000       .debug$S                   0000000180000000     libcovrt:libcovrt.dll
 0000:00000000       .debug$S                   0000000180000000     libmex:libmex.dll
 0000:00000000       .debug$S                   0000000180000000     libmex:libmex.dll
 0000:00000000       .debug$S                   0000000180000000     libmex:libmex.dll
 0000:00000000       .debug$S                   0000000180000000     libmex:libmex.dll
 0000:00000000       .debug$S                   0000000180000000     libmex:libmex.dll
 0000:00000000       .debug$S                   0000000180000000     libmex:libmex.dll
 0000:00000000       .debug$S                   0000000180000000     libmex:libmex.dll
 0000:00000000       .debug$S                   0000000180000000     libmwmathutil:libmwmathutil.dll
 0000:00000000       .debug$S                   0000000180000000     libmwmathutil:libmwmathutil.dll
 0000:00000000       .debug$S                   0000000180000000     libmwmathutil:libmwmathutil.dll
 0000:00000000       .debug$S                   0000000180000000     libmwmathutil:libmwmathutil.dll
 0000:00000000       .debug$S                   0000000180000000     libmwmathutil:libmwmathutil.dll
 0000:00000000       .debug$S                   0000000180000000     libmwmathutil:libmwmathutil.dll
 0000:00000000       .debug$S                   0000000180000000     libmwmathutil:libmwmathutil.dll
 0000:00000000       .debug$S                   0000000180000000     libmwmathutil:libmwmathutil.dll
 0000:00000000       .debug$S                   0000000180000000     libmwmathutil:libmwmathutil.dll
 0000:00000000       .debug$S                   0000000180000000     libmx:libmx.dll
 0000:00000000       .debug$S                   0000000180000000     libmx:libmx.dll
 0000:00000000       .debug$S                   0000000180000000     libmx:libmx.dll
 0000:00000000       .debug$S                   0000000180000000     libmx:libmx.dll
 0000:00000000       .debug$S                   0000000180000000     libmx:libmx.dll
 0000:00000000       .debug$S                   0000000180000000     libmx:libmx.dll
 0000:00000000       .debug$S                   0000000180000000     libmx:libmx.dll
 0000:00000000       .debug$S                   0000000180000000     libmx:libmx.dll
 0000:00000000       .debug$S                   0000000180000000     libmx:libmx.dll
 0000:00000000       .debug$S                   0000000180000000     libmx:libmx.dll
 0000:00000000       .debug$S                   0000000180000000     libmx:libmx.dll
 0000:00000000       .debug$S                   0000000180000000     libmx:libmx.dll
 0000:00000000       .debug$S                   0000000180000000     libmx:libmx.dll
 0000:00000000       .debug$S                   0000000180000000     libmx:libmx.dll
 0000:00000000       .debug$S                   0000000180000000     libmx:libmx.dll
 0000:00000000       .debug$S                   0000000180000000     libmx:libmx.dll
 0000:00000000       .debug$S                   0000000180000000     libmx:libmx.dll
 0000:00000000       .debug$S                   0000000180000000     libmx:libmx.dll
 0000:00000000       .debug$S                   0000000180000000     libmx:libmx.dll
 0000:00000000       .debug$S                   0000000180000000     libmx:libmx.dll
 0000:00000000       .debug$S                   0000000180000000     libut:libut.dll
 0000:00000000       .debug$S                   0000000180000000     libut:libut.dll
 0000:00000000       .debug$S                   0000000180000000     sf_runtime:sf_runtime.dll
 0000:00000000       .debug$S                   0000000180000000     sf_runtime:sf_runtime.dll
 0000:00000000       .debug$S                   0000000180000000     sf_runtime:sf_runtime.dll
 0000:00000000       .debug$S                   0000000180000000     sf_runtime:sf_runtime.dll
 0000:00000000       .debug$S                   0000000180000000     sf_runtime:sf_runtime.dll
 0000:00000000       .debug$S                   0000000180000000     sf_runtime:sf_runtime.dll
 0000:00000000       .debug$S                   0000000180000000     sf_runtime:sf_runtime.dll
 0000:00000000       .debug$S                   0000000180000000     sf_runtime:sf_runtime.dll
 0000:00000000       .debug$S                   0000000180000000     sf_runtime:sf_runtime.dll
 0000:00000000       .debug$S                   0000000180000000     sf_runtime:sf_runtime.dll
 0000:00000000       .debug$S                   0000000180000000     sf_runtime:sf_runtime.dll
 0000:00000000       .debug$S                   0000000180000000     sf_runtime:sf_runtime.dll
 0000:00000000       .debug$S                   0000000180000000     sf_runtime:sf_runtime.dll
 0000:00000000       .debug$S                   0000000180000000     sf_runtime:sf_runtime.dll
 0000:00000000       .debug$S                   0000000180000000     sf_runtime:sf_runtime.dll
 0000:00000000       .debug$S                   0000000180000000     sf_runtime:sf_runtime.dll
 0000:00000000       .debug$S                   0000000180000000     sf_runtime:sf_runtime.dll
 0000:00000000       .debug$S                   0000000180000000     sf_runtime:sf_runtime.dll
 0000:00000000       .debug$S                   0000000180000000     sf_runtime:sf_runtime.dll
 0000:00000000       .debug$S                   0000000180000000     sf_runtime:sf_runtime.dll
 0000:00000000       .debug$S                   0000000180000000     sf_runtime:sf_runtime.dll
 0000:00000000       .debug$S                   0000000180000000     sf_runtime:sf_runtime.dll
 0000:00000000       .debug$S                   0000000180000000     sf_runtime:sf_runtime.dll
 0000:00000000       .debug$S                   0000000180000000     sf_runtime:sf_runtime.dll
 0000:00000000       .debug$S                   0000000180000000     sf_runtime:sf_runtime.dll
 0000:00000000       .debug$S                   0000000180000000     sf_runtime:sf_runtime.dll
 0000:00000000       .debug$S                   0000000180000000     sf_runtime:sf_runtime.dll
 0000:00000000       .debug$S                   0000000180000000     sf_runtime:sf_runtime.dll
 0000:00000000       .debug$S                   0000000180000000     sf_runtime:sf_runtime.dll
 0000:00000000       .debug$S                   0000000180000000     sf_runtime:sf_runtime.dll
 0000:00000000       .debug$S                   0000000180000000     sf_runtime:sf_runtime.dll
 0000:00000000       .debug$S                   0000000180000000     sf_runtime:sf_runtime.dll
 0000:00000000       .debug$S                   0000000180000000     sf_runtime:sf_runtime.dll
 0000:00000000       .debug$S                   0000000180000000     sf_runtime:sf_runtime.dll
 0000:00000000       .debug$S                   0000000180000000     sf_runtime:sf_runtime.dll
 0000:00000000       .debug$S                   0000000180000000     sf_runtime:sf_runtime.dll
 0000:00000000       .debug$S                   0000000180000000     sf_runtime:sf_runtime.dll
 0000:00000000       .debug$S                   0000000180000000     sf_runtime:sf_runtime.dll
[...]
 0003:000023e4       $SG26940                   000000018001f3e4     Reaching_sfun_registry.obj
 0003:000023ec       $SG28804                   000000018001f3ec     Reaching_sfun_registry.obj
 0003:000023f0       $SG26666                   000000018001f3f0     Reaching_sfun_registry.obj
 0003:00002408       $SG26668                   000000018001f408     Reaching_sfun_registry.obj
 0003:00002414       $SG26946                   000000018001f414     Reaching_sfun_registry.obj
 0003:0000241c       $SG28885                   000000018001f41c     Reaching_sfun_registry.obj
 0003:00002420       $SG26704                   000000018001f420     Reaching_sfun_registry.obj
 0003:00002438       $SG26706                   000000018001f438     Reaching_sfun_registry.obj
 0003:00002444       $SG27717                   000000018001f444     Reaching_sfun_registry.obj
 0003:0000244c       $SG29303                   000000018001f44c     Reaching_sfun_registry.obj
 0003:00002458       $SG26742                   000000018001f458     Reaching_sfun_registry.obj
 0003:00002478       $SG26744                   000000018001f478     Reaching_sfun_registry.obj
 0003:00002488       $SG26780                   000000018001f488     Reaching_sfun_registry.obj
 0003:000024a8       $SG26782                   000000018001f4a8     Reaching_sfun_registry.obj
 0003:000024b8       $SG26802                   000000018001f4b8     Reaching_sfun_registry.obj
 0003:000024c8       $SG26820                   000000018001f4c8     Reaching_sfun_registry.obj
 0003:000024e0       $SG26851                   000000018001f4e0     Reaching_sfun_registry.obj
 0003:000024f0       $SG26941                   000000018001f4f0     Reaching_sfun_registry.obj
 0003:00002508       $SG26947                   000000018001f508     Reaching_sfun_registry.obj
 0003:00002528       $SG27089                   000000018001f528     Reaching_sfun_registry.obj
 0003:00002550       _sfcnName                  000000018001f550     Reaching_sfun_registry.obj
 0003:00002570       $SG27106                   000000018001f570     Reaching_sfun_registry.obj
 0003:000025e8       $SG27510                   000000018001f5e8     Reaching_sfun_registry.obj
 0003:000025f0       $SG27511                   000000018001f5f0     Reaching_sfun_registry.obj
 0003:000025f8       $SG27525                   000000018001f5f8     Reaching_sfun_registry.obj
 0003:00002608       $SG27715                   000000018001f608     Reaching_sfun_registry.obj
 0003:00002648       $SG27716                   000000018001f648     Reaching_sfun_registry.obj
 0003:00002658       $SG27723                   000000018001f658     Reaching_sfun_registry.obj
 0003:00002660       $SG27721                   000000018001f660     Reaching_sfun_registry.obj
 0003:000026a8       $SG27722                   000000018001f6a8     Reaching_sfun_registry.obj
 0003:000026b8       $SG27726                   000000018001f6b8     Reaching_sfun_registry.obj
 0003:000026c0       $SG27724                   000000018001f6c0     Reaching_sfun_registry.obj
 0003:00002718       $SG27725                   000000018001f718     Reaching_sfun_registry.obj
 0003:00002728       $SG27748                   000000018001f728     Reaching_sfun_registry.obj
 0003:00002768       $SG27749                   000000018001f768     Reaching_sfun_registry.obj
 0003:00002778       $SG27750                   000000018001f778     Reaching_sfun_registry.obj
 0003:00002780       $SG27754                   000000018001f780     Reaching_sfun_registry.obj
 0003:000027c8       $SG27755                   000000018001f7c8     Reaching_sfun_registry.obj
 0003:000027d8       $SG27756                   000000018001f7d8     Reaching_sfun_registry.obj
 0003:000027e0       $SG27757                   000000018001f7e0     Reaching_sfun_registry.obj
 0003:00002838       $SG27758                   000000018001f838     Reaching_sfun_registry.obj
 0003:00002848       $SG27759                   000000018001f848     Reaching_sfun_registry.obj
 0003:00002850       $SG27783                   000000018001f850     Reaching_sfun_registry.obj
 0003:000028a0       $SG27784                   000000018001f8a0     Reaching_sfun_registry.obj
 0003:000028b0       $SG27785                   000000018001f8b0     Reaching_sfun_registry.obj
 0003:000028b8       $SG27798                   000000018001f8b8     Reaching_sfun_registry.obj
 0003:000028c0       $SG27797                   000000018001f8c0     Reaching_sfun_registry.obj
 0003:00002920       $SG27799                   000000018001f920     Reaching_sfun_registry.obj
 0003:00002928       $SG27812                   000000018001f928     Reaching_sfun_registry.obj
 0003:00002930       $SG27811                   000000018001f930     Reaching_sfun_registry.obj
 0003:00002990       $SG27813                   000000018001f990     Reaching_sfun_registry.obj
 0003:00002998       $SG28788                   000000018001f998     Reaching_sfun_registry.obj
 0003:000029b0       $SG28166                   000000018001f9b0     Reaching_sfun_registry.obj
 0003:00002a28       $SG28859                   000000018001fa28     Reaching_sfun_registry.obj
 0003:00002a30       $SG28169                   000000018001fa30     Reaching_sfun_registry.obj
 0003:00002aa4       $SG28860                   000000018001faa4     Reaching_sfun_registry.obj
 0003:00002ab0       $SG28174                   000000018001fab0     Reaching_sfun_registry.obj
 0003:00002b28       $SG28861                   000000018001fb28     Reaching_sfun_registry.obj
 0003:00002b30       $SG28182                   000000018001fb30     Reaching_sfun_registry.obj
 0003:00002ba0       $SG28457                   000000018001fba0     Reaching_sfun_registry.obj
 0003:00002c18       $SG28867                   000000018001fc18     Reaching_sfun_registry.obj
 0003:00002c20       $SG28462                   000000018001fc20     Reaching_sfun_registry.obj
 0003:00002c98       $SG28870                   000000018001fc98     Reaching_sfun_registry.obj
 0003:00002ca0       $SG28801                   000000018001fca0     Reaching_sfun_registry.obj
 0003:00002d18       $SG28873                   000000018001fd18     Reaching_sfun_registry.obj
 0003:00002d20       $SG28862                   000000018001fd20     Reaching_sfun_registry.obj
 0003:00002d98       $SG28879                   000000018001fd98     Reaching_sfun_registry.obj
 0003:00002da0       $SG28864                   000000018001fda0     Reaching_sfun_registry.obj
 0003:00002e20       $SG28874                   000000018001fe20     Reaching_sfun_registry.obj
 0003:00002ea0       $SG28875                   000000018001fea0     Reaching_sfun_registry.obj
 0003:00002eb0       $SG28877                   000000018001feb0     Reaching_sfun_registry.obj
 0003:00002ebc       $SG28881                   000000018001febc     Reaching_sfun_registry.obj
 0003:00002ec8       $SG28883                   000000018001fec8     Reaching_sfun_registry.obj
 0003:00002ed8       $SG29006                   000000018001fed8     Reaching_sfun_registry.obj
 0003:00002f08       $SG29008                   000000018001ff08     Reaching_sfun_registry.obj
 0003:00002f10       $SG28888                   000000018001ff10     Reaching_sfun_registry.obj
 0003:00002ff8       $SG29007                   000000018001fff8     Reaching_sfun_registry.obj
 0003:00003008       $SG29010                   0000000180020008     Reaching_sfun_registry.obj
 0003:00003040       $SG29011                   0000000180020040     Reaching_sfun_registry.obj
 0003:00003050       $SG29012                   0000000180020050     Reaching_sfun_registry.obj
 0003:00003058       $SG29015                   0000000180020058     Reaching_sfun_registry.obj
 0003:00003090       $SG29016                   0000000180020090     Reaching_sfun_registry.obj
 0003:000030a0       $SG29017                   00000001800200a0     Reaching_sfun_registry.obj
 0003:000030a8       $SG29019                   00000001800200a8     Reaching_sfun_registry.obj
 0003:000030e0       $SG29020                   00000001800200e0     Reaching_sfun_registry.obj
 0003:000030f0       $SG29021                   00000001800200f0     Reaching_sfun_registry.obj
 0003:000030f8       $SG29023                   00000001800200f8     Reaching_sfun_registry.obj
 0003:00003130       $SG29024                   0000000180020130     Reaching_sfun_registry.obj
 0003:00003140       $SG29025                   0000000180020140     Reaching_sfun_registry.obj
 0003:00003148       $SG29028                   0000000180020148     Reaching_sfun_registry.obj
 0003:00003150       $SG29030                   0000000180020150     Reaching_sfun_registry.obj
 0003:00003168       $SG29031                   0000000180020168     Reaching_sfun_registry.obj
 0003:000031a0       $SG29032                   00000001800201a0     Reaching_sfun_registry.obj
 0003:000031b0       $SG29033                   00000001800201b0     Reaching_sfun_registry.obj
 0003:000031b8       $SG29203                   00000001800201b8     Reaching_sfun_registry.obj
 0003:000031d8       $SG29210                   00000001800201d8     Reaching_sfun_registry.obj
 0003:000031f0       $SG29204                   00000001800201f0     Reaching_sfun_registry.obj
 0003:00003280       $SG29211                   0000000180020280     Reaching_sfun_registry.obj
 0003:00003310       $SG29217                   0000000180020310     Reaching_sfun_registry.obj
 0003:00003328       $SG29236                   0000000180020328     Reaching_sfun_registry.obj
 0003:00003348       $SG29241                   0000000180020348     Reaching_sfun_registry.obj
 0003:00003370       $SG29218                   0000000180020370     Reaching_sfun_registry.obj
 0003:00003400       $SG29224                   0000000180020400     Reaching_sfun_registry.obj
 0003:00003420       $SG29225                   0000000180020420     Reaching_sfun_registry.obj
 0003:000034b0       $SG29231                   00000001800204b0     Reaching_sfun_registry.obj
 0003:000034d0       $SG29232                   00000001800204d0     Reaching_sfun_registry.obj
 0003:00003560       $SG29237                   0000000180020560     Reaching_sfun_registry.obj
 0003:000035f0       $SG29242                   00000001800205f0     Reaching_sfun_registry.obj
 0003:00003680       $SG29246                   0000000180020680     Reaching_sfun_registry.obj
 0003:000036a8       $SG29261                   00000001800206a8     Reaching_sfun_registry.obj
 0003:000036c0       $SG29247                   00000001800206c0     Reaching_sfun_registry.obj
 0003:00003750       $SG29251                   0000000180020750     Reaching_sfun_registry.obj
 0003:00003770       $SG29252                   0000000180020770     Reaching_sfun_registry.obj
 0003:00003800       $SG29256                   0000000180020800     Reaching_sfun_registry.obj
 0003:00003820       $SG29257                   0000000180020820     Reaching_sfun_registry.obj
 0003:000038b0       $SG29262                   00000001800208b0     Reaching_sfun_registry.obj
 0003:00003940       $SG29266                   0000000180020940     Reaching_sfun_registry.obj
 0003:00003960       $SG29267                   0000000180020960     Reaching_sfun_registry.obj
 0003:000039f0       $SG29271                   00000001800209f0     Reaching_sfun_registry.obj
 0003:00003a10       $SG29272                   0000000180020a10     Reaching_sfun_registry.obj
 0003:00003aa0       $SG29276                   0000000180020aa0     Reaching_sfun_registry.obj
 0003:00003ac0       $SG29277                   0000000180020ac0     Reaching_sfun_registry.obj
 0003:00003b50       $SG29281                   0000000180020b50     Reaching_sfun_registry.obj
 0003:00003b70       $SG29282                   0000000180020b70     Reaching_sfun_registry.obj
 0003:00003c00       $SG29286                   0000000180020c00     Reaching_sfun_registry.obj
 0003:00003c20       $SG29287                   0000000180020c20     Reaching_sfun_registry.obj
 0003:00003cb0       $SG29291                   0000000180020cb0     Reaching_sfun_registry.obj
 0003:00003cd0       $SG29292                   0000000180020cd0     Reaching_sfun_registry.obj
 0003:00003d60       $SG29297                   0000000180020d60     Reaching_sfun_registry.obj
 0003:00003d78       $SG29308                   0000000180020d78     Reaching_sfun_registry.obj
 0003:00003d90       $SG29298                   0000000180020d90     Reaching_sfun_registry.obj
 0003:00003e20       $SG29304                   0000000180020e20     Reaching_sfun_registry.obj
 0003:00003eb0       $SG29309                   0000000180020eb0     Reaching_sfun_registry.obj
 0003:00003f40       $SG29313                   0000000180020f40     Reaching_sfun_registry.obj
 0003:00003f50       $SG29314                   0000000180020f50     Reaching_sfun_registry.obj
 0003:00003fe0       $SG29318                   0000000180020fe0     Reaching_sfun_registry.obj
 0003:00004000       $SG29319                   0000000180021000     Reaching_sfun_registry.obj
 0003:00004090       $SG29323                   0000000180021090     Reaching_sfun_registry.obj
 0003:000040b0       $SG29324                   00000001800210b0     Reaching_sfun_registry.obj
 0003:00004140       $SG29328                   0000000180021140     Reaching_sfun_registry.obj
 0003:00004150       $SG29329                   0000000180021150     Reaching_sfun_registry.obj
 0003:000041e0       $SG29333                   00000001800211e0     Reaching_sfun_registry.obj
 0003:000041f0       $SG29334                   00000001800211f0     Reaching_sfun_registry.obj
 0003:00004280       $SG29338                   0000000180021280     Reaching_sfun_registry.obj
 0003:00004298       $SG29343                   0000000180021298     Reaching_sfun_registry.obj
 0003:000042b0       $SG29339                   00000001800212b0     Reaching_sfun_registry.obj
 0003:00004340       $SG29344                   0000000180021340     Reaching_sfun_registry.obj
 0003:000043d0       $SG29348                   00000001800213d0     Reaching_sfun_registry.obj
 0003:000043e0       $SG29349                   00000001800213e0     Reaching_sfun_registry.obj
 0003:00004470       $SG29357                   0000000180021470     Reaching_sfun_registry.obj
 0003:00004480       $SG29358                   0000000180021480     Reaching_sfun_registry.obj
 0003:00004510       $SG29364                   0000000180021510     Reaching_sfun_registry.obj
 0003:00004520       $SG29365                   0000000180021520     Reaching_sfun_registry.obj
 0003:000045b0       $SG29369                   00000001800215b0     Reaching_sfun_registry.obj
 0003:000045c0       $SG29370                   00000001800215c0     Reaching_sfun_registry.obj
 0003:00004650       $SG29375                   0000000180021650     Reaching_sfun_registry.obj
 0003:00004660       $SG29376                   0000000180021660     Reaching_sfun_registry.obj
 0003:000046f0       $SG29380                   00000001800216f0     Reaching_sfun_registry.obj
 0003:00004768       $SG29423                   0000000180021768     Reaching_sfun_registry.obj
 0003:00004778       $SG29504                   0000000180021778     Reaching_sfun_registry.obj
 0003:00004780       $SG29410                   0000000180021780     Reaching_sfun_registry.obj
 0003:00004898       $SG29434                   0000000180021898     Reaching_sfun_registry.obj
 0003:000048a8       $SG29447                   00000001800218a8     Reaching_sfun_registry.obj
 0003:000048b8       $SG29458                   00000001800218b8     Reaching_sfun_registry.obj
 0003:000048c8       $SG29471                   00000001800218c8     Reaching_sfun_registry.obj
 0003:000048d8       $SG29482                   00000001800218d8     Reaching_sfun_registry.obj
 0003:000048e8       $SG29492                   00000001800218e8     Reaching_sfun_registry.obj
 0003:00004908       $SG29503                   0000000180021908     Reaching_sfun_registry.obj
 0003:00004938       $SG29505                   0000000180021938     Reaching_sfun_registry.obj
 0003:00004940       $SG29516                   0000000180021940     Reaching_sfun_registry.obj
 0003:00004978       $SG29517                   0000000180021978     Reaching_sfun_registry.obj
 0003:00004980       $SG29518                   0000000180021980     Reaching_sfun_registry.obj
 0003:000049d0       sRtwOptimizationInfoStruct 00000001800219d0     Reaching_sfun.obj
 0003:000049d8       sOptimizationInfoFlags     00000001800219d8     Reaching_sfun.obj
 0003:000049e0       _sfTime_                   00000001800219e0     c1_Reaching.obj
 0003:000049e8       $SG27186                   00000001800219e8     c1_Reaching.obj
 0003:000049e9       $SG27188                   00000001800219e9     c1_Reaching.obj
 0003:000049ea       $SG27190                   00000001800219ea     c1_Reaching.obj
 0003:000049eb       $SG27191                   00000001800219eb     c1_Reaching.obj
 0003:000049ec       $SG27192                   00000001800219ec     c1_Reaching.obj
 0003:000049ed       $SG27193                   00000001800219ed     c1_Reaching.obj
 0003:000049ee       $SG27194                   00000001800219ee     c1_Reaching.obj
 0003:000049ef       $SG27195                   00000001800219ef     c1_Reaching.obj
 0003:000049f0       $SG27196                   00000001800219f0     c1_Reaching.obj
 0003:000049f1       $SG27197                   00000001800219f1     c1_Reaching.obj
 0003:000049f2       $SG27198                   00000001800219f2     c1_Reaching.obj
 0003:000049f3       $SG27199                   00000001800219f3     c1_Reaching.obj
 0003:000049f4       $SG27200                   00000001800219f4     c1_Reaching.obj
 0003:000049f5       $SG27201                   00000001800219f5     c1_Reaching.obj
 0003:000049f6       $SG27202                   00000001800219f6     c1_Reaching.obj
 0003:000049f7       $SG27203                   00000001800219f7     c1_Reaching.obj
 0003:000049f8       $SG27204                   00000001800219f8     c1_Reaching.obj
 0003:000049f9       $SG28581                   00000001800219f9     c1_Reaching.obj
 0003:000049fa       $SG28584                   00000001800219fa     c1_Reaching.obj
 0003:000049fb       $SG28587                   00000001800219fb     c1_Reaching.obj
 0003:000049fc       $SG28712                   00000001800219fc     c1_Reaching.obj
 0003:000049fd       $SG28713                   00000001800219fd     c1_Reaching.obj
 0003:000049fe       $SG28894                   00000001800219fe     c1_Reaching.obj
 0003:00004a00       ?newstr@?1??sf_c1_Reaching_get_post_codegen_info@@9@9 0000000180021a00     c1_Reaching.obj
 0003:000055ac       sfGlobalMdlStartCallCounts 00000001800225ac     Reaching_sfun_registry.obj
 0003:000055b0       $SG28855                   00000001800225b0     Reaching_sfun_registry.obj
 0003:000055b2       ?warningGuard@?1??ssGetRootSS@@9@9 00000001800225b2     Reaching_sfun_registry.obj
 0003:000055b3       ?warningGuard@?1??ssGetParentSS@@9@9 00000001800225b3     Reaching_sfun_registry.obj
 0003:000055c0       GS_ExceptionRecord         00000001800225c0     MSVCRT:gs_report.obj
 0003:00005660       GS_ContextRecord           0000000180022660     MSVCRT:gs_report.obj
 0003:00005b30       ?__proc_attached@@3HA      0000000180022b30     MSVCRT:dll_dllmain.obj
 0003:00005b70       ?is_initialized_as_dll@@3_NA 0000000180022b70     MSVCRT:utility.obj
 0003:00005b71       ?module_local_atexit_table_initialized@@3_NA 0000000180022b71     MSVCRT:utility.obj
 0003:00005b78       ?module_local_atexit_table@@3U_onexit_table_t@@A 0000000180022b78     MSVCRT:utility.obj
 0003:00005b90       ?module_local_at_quick_exit_table@@3U_onexit_table_t@@A 0000000180022b90     MSVCRT:utility.obj
